Archive member included to satisfy reference by file (symbol)

obj_iotdk_10/gnu_arcem9d/board/iotdk/drivers/ip/subsystem/gpio/dfss_gpio_obj.o
                              obj_iotdk_10/gnu_arcem9d/application/./main.o (gpio_get_dev)
obj_iotdk_10/gnu_arcem9d/device/ip/subsystem/gpio/ss_gpio.o
                              obj_iotdk_10/gnu_arcem9d/board/iotdk/drivers/ip/subsystem/gpio/dfss_gpio_obj.o (ss_gpio_open)
obj_iotdk_10/gnu_arcem9d/board/iotdk/common/iotdk_init.o
                              obj_iotdk_10/gnu_arcem9d/board/board.o (board_init)
obj_iotdk_10/gnu_arcem9d/board/iotdk/common/iotdk_timer.o
                              obj_iotdk_10/gnu_arcem9d/board/iotdk/common/iotdk_init.o (iotdk_timer_init)
obj_iotdk_10/gnu_arcem9d/board/iotdk/drivers/mux/mux.o
                              obj_iotdk_10/gnu_arcem9d/board/iotdk/common/iotdk_init.o (io_pmod_config)
obj_iotdk_10/gnu_arcem9d/board/iotdk/drivers/sysconf/sysconf.o
                              obj_iotdk_10/gnu_arcem9d/board/iotdk/drivers/mux/mux.o (sysconf_reg_ptr)
obj_iotdk_10/gnu_arcem9d/middleware/common/console_io.o
                              obj_iotdk_10/gnu_arcem9d/board/board.o (xprintf_setup)
obj_iotdk_10/gnu_arcem9d/middleware/common/xprintf/xprintf.o
                              obj_iotdk_10/gnu_arcem9d/middleware/common/console_io.o (xfunc_out)
obj_iotdk_10/gnu_arcem9d/arc/arc_timer.o
                              obj_iotdk_10/gnu_arcem9d/board/iotdk/common/iotdk_timer.o (timer_present)
obj_iotdk_10/gnu_arcem9d/arc/arc_cache.o
                              obj_iotdk_10/gnu_arcem9d/arc/startup/arc_startup.o (arc_cache_init)
obj_iotdk_10/gnu_arcem9d/arc/arc_exception.o
                              obj_iotdk_10/gnu_arcem9d/arc/startup/arc_startup.o (exc_int_init)
obj_iotdk_10/gnu_arcem9d/arc/arc_exc_asm.o
                              obj_iotdk_10/gnu_arcem9d/arc/arc_exception.o (exc_entry_cpu)
obj_iotdk_10/gnu_arcem9d/library/clib/embarc_misc.o
                              obj_iotdk_10/gnu_arcem9d/middleware/common/console_io.o (gnu_printf_setup)
obj_iotdk_10/gnu_arcem9d/board/iotdk/drivers/ip/subsystem/uart/dfss_uart_obj.o
                              obj_iotdk_10/gnu_arcem9d/middleware/common/console_io.o (uart_get_dev)
obj_iotdk_10/gnu_arcem9d/device/ip/subsystem/gpio/gpio.o
                              obj_iotdk_10/gnu_arcem9d/device/ip/subsystem/gpio/ss_gpio.o (io_gpio_open)
obj_iotdk_10/gnu_arcem9d/device/ip/subsystem/uart/ss_uart.o
                              obj_iotdk_10/gnu_arcem9d/board/iotdk/drivers/ip/subsystem/uart/dfss_uart_obj.o (ss_uart_open)
obj_iotdk_10/gnu_arcem9d/device/ip/subsystem/uart/uart.o
                              obj_iotdk_10/gnu_arcem9d/device/ip/subsystem/uart/ss_uart.o (io_uart_open)
c:/arc_gnu/bin/../lib/gcc/arc-elf32/9.3.1/em4_fpuda\libgcc.a(_divdi3.o)
                              obj_iotdk_10/gnu_arcem9d/board/iotdk/common/iotdk_timer.o (__divdi3)
c:/arc_gnu/bin/../lib/gcc/arc-elf32/9.3.1/em4_fpuda\libgcc.a(_udivdi3.o)
                              obj_iotdk_10/gnu_arcem9d/board/iotdk/common/iotdk_timer.o (__udivdi3)

Allocating common symbols
Common symbol       size              file

xfunc_in            0x4               obj_iotdk_10/gnu_arcem9d/middleware/common/xprintf/xprintf.o
xfunc_out           0x4               obj_iotdk_10/gnu_arcem9d/middleware/common/xprintf/xprintf.o
ifit                0x1               obj_iotdk_10/gnu_arcem9d/application/./main.o
exc_nest_count      0x4               obj_iotdk_10/gnu_arcem9d/arc/arc_exception.o
gpio_8b2            0x4               obj_iotdk_10/gnu_arcem9d/application/./main.o

Discarded input sections

 .text          0x00000000        0x0 obj_iotdk_10/gnu_arcem9d/application/./main.o
 .data          0x00000000        0x0 obj_iotdk_10/gnu_arcem9d/application/./main.o
 .bss           0x00000000        0x0 obj_iotdk_10/gnu_arcem9d/application/./main.o
 .text          0x00000000        0x0 obj_iotdk_10/gnu_arcem9d/board/board.o
 .data          0x00000000        0x0 obj_iotdk_10/gnu_arcem9d/board/board.o
 .bss           0x00000000        0x0 obj_iotdk_10/gnu_arcem9d/board/board.o
 .text          0x00000000        0x0 obj_iotdk_10/gnu_arcem9d/arc/startup/arc_cxx_support.o
 .data          0x00000000        0x0 obj_iotdk_10/gnu_arcem9d/arc/startup/arc_cxx_support.o
 .bss           0x00000000        0x0 obj_iotdk_10/gnu_arcem9d/arc/startup/arc_cxx_support.o
 .text.__cxa_atexit
                0x00000000        0x4 obj_iotdk_10/gnu_arcem9d/arc/startup/arc_cxx_support.o
 .text.__cxa_pure_virtual
                0x00000000        0x4 obj_iotdk_10/gnu_arcem9d/arc/startup/arc_cxx_support.o
 .bss.__dso_handle
                0x00000000        0x4 obj_iotdk_10/gnu_arcem9d/arc/startup/arc_cxx_support.o
 .text          0x00000000        0x0 obj_iotdk_10/gnu_arcem9d/arc/startup/arc_startup.o
 .data          0x00000000        0x0 obj_iotdk_10/gnu_arcem9d/arc/startup/arc_startup.o
 .bss           0x00000000        0x0 obj_iotdk_10/gnu_arcem9d/arc/startup/arc_startup.o
 .text          0x00000000        0x0 obj_iotdk_10/gnu_arcem9d/board/iotdk/drivers/ip/subsystem/gpio/dfss_gpio_obj.o
 .data          0x00000000        0x0 obj_iotdk_10/gnu_arcem9d/board/iotdk/drivers/ip/subsystem/gpio/dfss_gpio_obj.o
 .bss           0x00000000        0x0 obj_iotdk_10/gnu_arcem9d/board/iotdk/drivers/ip/subsystem/gpio/dfss_gpio_obj.o
 .text          0x00000000        0x0 obj_iotdk_10/gnu_arcem9d/device/ip/subsystem/gpio/ss_gpio.o
 .data          0x00000000        0x0 obj_iotdk_10/gnu_arcem9d/device/ip/subsystem/gpio/ss_gpio.o
 .bss           0x00000000        0x0 obj_iotdk_10/gnu_arcem9d/device/ip/subsystem/gpio/ss_gpio.o
 .text          0x00000000        0x0 obj_iotdk_10/gnu_arcem9d/board/iotdk/common/iotdk_init.o
 .data          0x00000000        0x0 obj_iotdk_10/gnu_arcem9d/board/iotdk/common/iotdk_init.o
 .bss           0x00000000        0x0 obj_iotdk_10/gnu_arcem9d/board/iotdk/common/iotdk_init.o
 .text          0x00000000        0x0 obj_iotdk_10/gnu_arcem9d/board/iotdk/common/iotdk_timer.o
 .data          0x00000000        0x0 obj_iotdk_10/gnu_arcem9d/board/iotdk/common/iotdk_timer.o
 .bss           0x00000000        0x0 obj_iotdk_10/gnu_arcem9d/board/iotdk/common/iotdk_timer.o
 .text.board_get_hwticks
                0x00000000       0x38 obj_iotdk_10/gnu_arcem9d/board/iotdk/common/iotdk_timer.o
 .text.board_get_cur_us
                0x00000000       0x58 obj_iotdk_10/gnu_arcem9d/board/iotdk/common/iotdk_timer.o
 .text.board_delay_ms
                0x00000000       0xec obj_iotdk_10/gnu_arcem9d/board/iotdk/common/iotdk_timer.o
 .text          0x00000000        0x0 obj_iotdk_10/gnu_arcem9d/board/iotdk/drivers/mux/mux.o
 .data          0x00000000        0x0 obj_iotdk_10/gnu_arcem9d/board/iotdk/drivers/mux/mux.o
 .bss           0x00000000        0x0 obj_iotdk_10/gnu_arcem9d/board/iotdk/drivers/mux/mux.o
 .text.io_mikro_config
                0x00000000       0x3c obj_iotdk_10/gnu_arcem9d/board/iotdk/drivers/mux/mux.o
 .text.io_arduino_config
                0x00000000      0x260 obj_iotdk_10/gnu_arcem9d/board/iotdk/drivers/mux/mux.o
 .rodata.io_arduino_config
                0x00000000       0x50 obj_iotdk_10/gnu_arcem9d/board/iotdk/drivers/mux/mux.o
 .text.io_arduino_config_spi
                0x00000000       0x3c obj_iotdk_10/gnu_arcem9d/board/iotdk/drivers/mux/mux.o
 .text.io_arduino_config_uart
                0x00000000       0x3c obj_iotdk_10/gnu_arcem9d/board/iotdk/drivers/mux/mux.o
 .text.io_arduino_config_i2c
                0x00000000       0x3c obj_iotdk_10/gnu_arcem9d/board/iotdk/drivers/mux/mux.o
 .rodata.CSWTCH.46
                0x00000000       0x50 obj_iotdk_10/gnu_arcem9d/board/iotdk/drivers/mux/mux.o
 .text          0x00000000        0x0 obj_iotdk_10/gnu_arcem9d/board/iotdk/drivers/sysconf/sysconf.o
 .data          0x00000000        0x0 obj_iotdk_10/gnu_arcem9d/board/iotdk/drivers/sysconf/sysconf.o
 .bss           0x00000000        0x0 obj_iotdk_10/gnu_arcem9d/board/iotdk/drivers/sysconf/sysconf.o
 .text.ahb_clk_divisor
                0x00000000       0x10 obj_iotdk_10/gnu_arcem9d/board/iotdk/drivers/sysconf/sysconf.o
 .text.ahb_clk_enable
                0x00000000       0x1c obj_iotdk_10/gnu_arcem9d/board/iotdk/drivers/sysconf/sysconf.o
 .text.ahb_clk_disable
                0x00000000       0x24 obj_iotdk_10/gnu_arcem9d/board/iotdk/drivers/sysconf/sysconf.o
 .text.apb_clk_divisor
                0x00000000       0x10 obj_iotdk_10/gnu_arcem9d/board/iotdk/drivers/sysconf/sysconf.o
 .text.apb_clk_enable
                0x00000000       0x1c obj_iotdk_10/gnu_arcem9d/board/iotdk/drivers/sysconf/sysconf.o
 .text.apb_clk_disable
                0x00000000       0x24 obj_iotdk_10/gnu_arcem9d/board/iotdk/drivers/sysconf/sysconf.o
 .text.sdio_clk_divisor
                0x00000000       0x10 obj_iotdk_10/gnu_arcem9d/board/iotdk/drivers/sysconf/sysconf.o
 .text.spi_master_clk_divisor
                0x00000000       0x6c obj_iotdk_10/gnu_arcem9d/board/iotdk/drivers/sysconf/sysconf.o
 .text.gpio8b_dbclk_div
                0x00000000       0x8c obj_iotdk_10/gnu_arcem9d/board/iotdk/drivers/sysconf/sysconf.o
 .text.gpio4b_dbclk_div
                0x00000000       0x6c obj_iotdk_10/gnu_arcem9d/board/iotdk/drivers/sysconf/sysconf.o
 .text.i2s_tx_clk_div
                0x00000000       0x10 obj_iotdk_10/gnu_arcem9d/board/iotdk/drivers/sysconf/sysconf.o
 .text.i2s_rx_clk_div
                0x00000000       0x10 obj_iotdk_10/gnu_arcem9d/board/iotdk/drivers/sysconf/sysconf.o
 .text.i2s_rx_clk_sel
                0x00000000       0x10 obj_iotdk_10/gnu_arcem9d/board/iotdk/drivers/sysconf/sysconf.o
 .text.syscon_reset
                0x00000000       0x14 obj_iotdk_10/gnu_arcem9d/board/iotdk/drivers/sysconf/sysconf.o
 .text.is_poweron_rst
                0x00000000       0x18 obj_iotdk_10/gnu_arcem9d/board/iotdk/drivers/sysconf/sysconf.o
 .text.dvfs_clk_divisor
                0x00000000       0x8c obj_iotdk_10/gnu_arcem9d/board/iotdk/drivers/sysconf/sysconf.o
 .text.dvfs_vdd_config
                0x00000000       0x8c obj_iotdk_10/gnu_arcem9d/board/iotdk/drivers/sysconf/sysconf.o
 .text.dvfs_vwtime_config
                0x00000000       0x10 obj_iotdk_10/gnu_arcem9d/board/iotdk/drivers/sysconf/sysconf.o
 .text.pmc_pwwtime_config
                0x00000000       0x10 obj_iotdk_10/gnu_arcem9d/board/iotdk/drivers/sysconf/sysconf.o
 .text.uart3_clk_divisor
                0x00000000       0x10 obj_iotdk_10/gnu_arcem9d/board/iotdk/drivers/sysconf/sysconf.o
 .text.reset_powerdown_vector
                0x00000000       0x10 obj_iotdk_10/gnu_arcem9d/board/iotdk/drivers/sysconf/sysconf.o
 .text.pwm_timer_pause
                0x00000000       0x30 obj_iotdk_10/gnu_arcem9d/board/iotdk/drivers/sysconf/sysconf.o
 .text.eflash_clk_div
                0x00000000       0x1c obj_iotdk_10/gnu_arcem9d/board/iotdk/drivers/sysconf/sysconf.o
 .text          0x00000000        0x0 obj_iotdk_10/gnu_arcem9d/middleware/common/console_io.o
 .data          0x00000000        0x0 obj_iotdk_10/gnu_arcem9d/middleware/common/console_io.o
 .bss           0x00000000        0x0 obj_iotdk_10/gnu_arcem9d/middleware/common/console_io.o
 .text.console_putstr
                0x00000000       0x14 obj_iotdk_10/gnu_arcem9d/middleware/common/console_io.o
 .text.console_getstr
                0x00000000       0x14 obj_iotdk_10/gnu_arcem9d/middleware/common/console_io.o
 .text          0x00000000        0x0 obj_iotdk_10/gnu_arcem9d/middleware/common/xprintf/xprintf.o
 .data          0x00000000        0x0 obj_iotdk_10/gnu_arcem9d/middleware/common/xprintf/xprintf.o
 .bss           0x00000000        0x0 obj_iotdk_10/gnu_arcem9d/middleware/common/xprintf/xprintf.o
 .text.xgets.part.0
                0x00000000       0x88 obj_iotdk_10/gnu_arcem9d/middleware/common/xprintf/xprintf.o
 .text.xputs    0x00000000       0x20 obj_iotdk_10/gnu_arcem9d/middleware/common/xprintf/xprintf.o
 .text.xfputs   0x00000000       0x3c obj_iotdk_10/gnu_arcem9d/middleware/common/xprintf/xprintf.o
 .text.xsprintf
                0x00000000       0x44 obj_iotdk_10/gnu_arcem9d/middleware/common/xprintf/xprintf.o
 .text.xfprintf
                0x00000000       0x48 obj_iotdk_10/gnu_arcem9d/middleware/common/xprintf/xprintf.o
 .rodata.put_dump.str1.4
                0x00000000       0x20 obj_iotdk_10/gnu_arcem9d/middleware/common/xprintf/xprintf.o
 .text.put_dump
                0x00000000       0xf0 obj_iotdk_10/gnu_arcem9d/middleware/common/xprintf/xprintf.o
 .text.xgets    0x00000000       0x14 obj_iotdk_10/gnu_arcem9d/middleware/common/xprintf/xprintf.o
 .text.xfgets   0x00000000       0x34 obj_iotdk_10/gnu_arcem9d/middleware/common/xprintf/xprintf.o
 .text.xatoi    0x00000000       0xfc obj_iotdk_10/gnu_arcem9d/middleware/common/xprintf/xprintf.o
 .text          0x00000000        0x0 obj_iotdk_10/gnu_arcem9d/arc/arc_timer.o
 .data          0x00000000        0x0 obj_iotdk_10/gnu_arcem9d/arc/arc_timer.o
 .bss           0x00000000        0x0 obj_iotdk_10/gnu_arcem9d/arc/arc_timer.o
 .text.arc_delay_us
                0x00000000        0x8 obj_iotdk_10/gnu_arcem9d/arc/arc_timer.o
 .text          0x00000000        0x0 obj_iotdk_10/gnu_arcem9d/arc/arc_cache.o
 .data          0x00000000        0x0 obj_iotdk_10/gnu_arcem9d/arc/arc_cache.o
 .bss           0x00000000        0x0 obj_iotdk_10/gnu_arcem9d/arc/arc_cache.o
 .text.icache_invalidate_mlines
                0x00000000       0x60 obj_iotdk_10/gnu_arcem9d/arc/arc_cache.o
 .text.icache_lock_mlines
                0x00000000       0x74 obj_iotdk_10/gnu_arcem9d/arc/arc_cache.o
 .text.icache_direct_write
                0x00000000       0x38 obj_iotdk_10/gnu_arcem9d/arc/arc_cache.o
 .text.icache_direct_read
                0x00000000       0x34 obj_iotdk_10/gnu_arcem9d/arc/arc_cache.o
 .text.icache_indirect_read
                0x00000000       0x38 obj_iotdk_10/gnu_arcem9d/arc/arc_cache.o
 .text.dcache_invalidate_mlines
                0x00000000       0x80 obj_iotdk_10/gnu_arcem9d/arc/arc_cache.o
 .text.dcache_flush_mlines
                0x00000000       0x80 obj_iotdk_10/gnu_arcem9d/arc/arc_cache.o
 .text.dcache_lock_mlines
                0x00000000       0x78 obj_iotdk_10/gnu_arcem9d/arc/arc_cache.o
 .text.dcache_direct_write
                0x00000000       0x38 obj_iotdk_10/gnu_arcem9d/arc/arc_cache.o
 .text.dcache_direct_read
                0x00000000       0x34 obj_iotdk_10/gnu_arcem9d/arc/arc_cache.o
 .text.dcache_indirect_read
                0x00000000       0x38 obj_iotdk_10/gnu_arcem9d/arc/arc_cache.o
 .text          0x00000000        0x0 obj_iotdk_10/gnu_arcem9d/arc/arc_exception.o
 .data          0x00000000        0x0 obj_iotdk_10/gnu_arcem9d/arc/arc_exception.o
 .bss           0x00000000        0x0 obj_iotdk_10/gnu_arcem9d/arc/arc_exception.o
 .text.exc_entry_install
                0x00000000       0x78 obj_iotdk_10/gnu_arcem9d/arc/arc_exception.o
 .text.exc_entry_get
                0x00000000       0x1c obj_iotdk_10/gnu_arcem9d/arc/arc_exception.o
 .text.exc_handler_install
                0x00000000       0x1c obj_iotdk_10/gnu_arcem9d/arc/arc_exception.o
 .text.exc_handler_get
                0x00000000       0x1c obj_iotdk_10/gnu_arcem9d/arc/arc_exception.o
 .text.int_enabled
                0x00000000       0x20 obj_iotdk_10/gnu_arcem9d/arc/arc_exception.o
 .text.int_ipm_get
                0x00000000       0x10 obj_iotdk_10/gnu_arcem9d/arc/arc_exception.o
 .text.int_ipm_set
                0x00000000       0x34 obj_iotdk_10/gnu_arcem9d/arc/arc_exception.o
 .text.int_pri_get
                0x00000000       0x28 obj_iotdk_10/gnu_arcem9d/arc/arc_exception.o
 .text.int_pri_set
                0x00000000       0x3c obj_iotdk_10/gnu_arcem9d/arc/arc_exception.o
 .text.int_secure_set
                0x00000000       0x44 obj_iotdk_10/gnu_arcem9d/arc/arc_exception.o
 .text.int_probe
                0x00000000       0x20 obj_iotdk_10/gnu_arcem9d/arc/arc_exception.o
 .text.int_sw_trigger
                0x00000000       0x1c obj_iotdk_10/gnu_arcem9d/arc/arc_exception.o
 .text.int_level_config
                0x00000000       0x24 obj_iotdk_10/gnu_arcem9d/arc/arc_exception.o
 .text.cpu_lock
                0x00000000        0x8 obj_iotdk_10/gnu_arcem9d/arc/arc_exception.o
 .text.int_handler_get
                0x00000000       0x20 obj_iotdk_10/gnu_arcem9d/arc/arc_exception.o
 .data          0x00000000        0x0 obj_iotdk_10/gnu_arcem9d/arc/arc_exc_asm.o
 .bss           0x00000000        0x0 obj_iotdk_10/gnu_arcem9d/arc/arc_exc_asm.o
 .text          0x00000000        0x0 obj_iotdk_10/gnu_arcem9d/library/clib/embarc_misc.o
 .data          0x00000000        0x0 obj_iotdk_10/gnu_arcem9d/library/clib/embarc_misc.o
 .bss           0x00000000        0x0 obj_iotdk_10/gnu_arcem9d/library/clib/embarc_misc.o
 .text          0x00000000        0x0 obj_iotdk_10/gnu_arcem9d/board/iotdk/drivers/ip/subsystem/uart/dfss_uart_obj.o
 .data          0x00000000        0x0 obj_iotdk_10/gnu_arcem9d/board/iotdk/drivers/ip/subsystem/uart/dfss_uart_obj.o
 .bss           0x00000000        0x0 obj_iotdk_10/gnu_arcem9d/board/iotdk/drivers/ip/subsystem/uart/dfss_uart_obj.o
 .text          0x00000000        0x0 obj_iotdk_10/gnu_arcem9d/device/ip/subsystem/gpio/gpio.o
 .data          0x00000000        0x0 obj_iotdk_10/gnu_arcem9d/device/ip/subsystem/gpio/gpio.o
 .bss           0x00000000        0x0 obj_iotdk_10/gnu_arcem9d/device/ip/subsystem/gpio/gpio.o
 .text          0x00000000        0x0 obj_iotdk_10/gnu_arcem9d/device/ip/subsystem/uart/ss_uart.o
 .data          0x00000000        0x0 obj_iotdk_10/gnu_arcem9d/device/ip/subsystem/uart/ss_uart.o
 .bss           0x00000000        0x0 obj_iotdk_10/gnu_arcem9d/device/ip/subsystem/uart/ss_uart.o
 .text          0x00000000        0x0 obj_iotdk_10/gnu_arcem9d/device/ip/subsystem/uart/uart.o
 .data          0x00000000        0x0 obj_iotdk_10/gnu_arcem9d/device/ip/subsystem/uart/uart.o
 .bss           0x00000000        0x0 obj_iotdk_10/gnu_arcem9d/device/ip/subsystem/uart/uart.o
 .text          0x00000000        0x0 c:/arc_gnu/bin/../lib/gcc/arc-elf32/9.3.1/em4_fpuda\libgcc.a(_divdi3.o)
 .data          0x00000000        0x0 c:/arc_gnu/bin/../lib/gcc/arc-elf32/9.3.1/em4_fpuda\libgcc.a(_divdi3.o)
 .bss           0x00000000        0x0 c:/arc_gnu/bin/../lib/gcc/arc-elf32/9.3.1/em4_fpuda\libgcc.a(_divdi3.o)
 .text.__divdi3
                0x00000000      0x3ac c:/arc_gnu/bin/../lib/gcc/arc-elf32/9.3.1/em4_fpuda\libgcc.a(_divdi3.o)
 .note.GNU-stack
                0x00000000        0x0 c:/arc_gnu/bin/../lib/gcc/arc-elf32/9.3.1/em4_fpuda\libgcc.a(_divdi3.o)
 .debug_frame   0x00000000       0x40 c:/arc_gnu/bin/../lib/gcc/arc-elf32/9.3.1/em4_fpuda\libgcc.a(_divdi3.o)
 .ARC.attributes
                0x00000000       0x40 c:/arc_gnu/bin/../lib/gcc/arc-elf32/9.3.1/em4_fpuda\libgcc.a(_divdi3.o)
 .text          0x00000000        0x0 c:/arc_gnu/bin/../lib/gcc/arc-elf32/9.3.1/em4_fpuda\libgcc.a(_udivdi3.o)
 .data          0x00000000        0x0 c:/arc_gnu/bin/../lib/gcc/arc-elf32/9.3.1/em4_fpuda\libgcc.a(_udivdi3.o)
 .bss           0x00000000        0x0 c:/arc_gnu/bin/../lib/gcc/arc-elf32/9.3.1/em4_fpuda\libgcc.a(_udivdi3.o)

Memory Configuration

Name             Origin             Length             Attributes
REGION_ICCM      0x20000000         0x00040000
REGION_DCCM      0x80000000         0x00020000
REGION_EXT_ROM   0x00000000         0x00040000
REGION_EXT_RAM   0x30000000         0x00020000
*default*        0x00000000         0xffffffff

Linker script and memory map

LOAD c:/arc_gnu/bin/../lib/gcc/arc-elf32/9.3.1/../../../../arc-elf32/lib/em4_fpuda\libm.a

.init           0x20000000      0x214
                0x20000000                . = (. + 0x0)
                0x20000000                _f_init = .
 *(.init_vector .init_vector.*)
 .init_vector   0x20000000        0x4 obj_iotdk_10/gnu_arcem9d/arc/startup/arc_startup.o
 *(.init_bootstrap .init_bootstrap.*)
 .init_bootstrap
                0x20000004      0x210 obj_iotdk_10/gnu_arcem9d/arc/startup/arc_startup.o
                0x20000004                _arc_reset
                0x20000004                _start
                0x20000200                _exit_loop
                0x20000200                _exit_halt
                0x20000214                _e_init = .

.vector         0x20000400      0x400
                0x20000400                _f_vector = .
 *(.vector .vector.*)
 .vector        0x20000400      0x400 obj_iotdk_10/gnu_arcem9d/arc/arc_exception.o
                0x20000400                exc_entry_table
                0x20000800                _e_vector = .

.text           0x20000800     0x35a4
                0x20000800                _f_text = .
 *(.text .text.* .gnu.linkonce.t.*)
 .text.Timer0_ISR
                0x20000800       0x14 obj_iotdk_10/gnu_arcem9d/application/./main.o
                0x20000800                Timer0_ISR
 .text.startup.main
                0x20000814      0x16c obj_iotdk_10/gnu_arcem9d/application/./main.o
                0x20000814                main
 .text.board_main
                0x20000980       0x40 obj_iotdk_10/gnu_arcem9d/board/board.o
                0x20000980                board_main
 .text.__do_global_ctors_aux
                0x200009c0       0x30 obj_iotdk_10/gnu_arcem9d/arc/startup/arc_cxx_support.o
                0x200009c0                __do_global_ctors_aux
 .text.__do_global_dtors_aux
                0x200009f0       0x34 obj_iotdk_10/gnu_arcem9d/arc/startup/arc_cxx_support.o
                0x200009f0                __do_global_dtors_aux
 .text.__do_init_array_aux
                0x20000a24       0x3c obj_iotdk_10/gnu_arcem9d/arc/startup/arc_cxx_support.o
                0x20000a24                __do_init_array_aux
 .text.dfss_gpio_0_read
                0x20000a60       0x10 obj_iotdk_10/gnu_arcem9d/board/iotdk/drivers/ip/subsystem/gpio/dfss_gpio_obj.o
 .text.dfss_gpio_1_read
                0x20000a70       0x10 obj_iotdk_10/gnu_arcem9d/board/iotdk/drivers/ip/subsystem/gpio/dfss_gpio_obj.o
 .text.dfss_gpio_2_read
                0x20000a80       0x10 obj_iotdk_10/gnu_arcem9d/board/iotdk/drivers/ip/subsystem/gpio/dfss_gpio_obj.o
 .text.dfss_gpio_3_read
                0x20000a90       0x10 obj_iotdk_10/gnu_arcem9d/board/iotdk/drivers/ip/subsystem/gpio/dfss_gpio_obj.o
 .text.dfss_gpio_4_read
                0x20000aa0       0x10 obj_iotdk_10/gnu_arcem9d/board/iotdk/drivers/ip/subsystem/gpio/dfss_gpio_obj.o
 .text.dfss_gpio_5_read
                0x20000ab0       0x10 obj_iotdk_10/gnu_arcem9d/board/iotdk/drivers/ip/subsystem/gpio/dfss_gpio_obj.o
 .text.dfss_gpio_6_read
                0x20000ac0       0x10 obj_iotdk_10/gnu_arcem9d/board/iotdk/drivers/ip/subsystem/gpio/dfss_gpio_obj.o
 .text.dfss_gpio_0_write
                0x20000ad0       0x10 obj_iotdk_10/gnu_arcem9d/board/iotdk/drivers/ip/subsystem/gpio/dfss_gpio_obj.o
 .text.dfss_gpio_1_write
                0x20000ae0       0x10 obj_iotdk_10/gnu_arcem9d/board/iotdk/drivers/ip/subsystem/gpio/dfss_gpio_obj.o
 .text.dfss_gpio_2_write
                0x20000af0       0x10 obj_iotdk_10/gnu_arcem9d/board/iotdk/drivers/ip/subsystem/gpio/dfss_gpio_obj.o
 .text.dfss_gpio_3_write
                0x20000b00       0x10 obj_iotdk_10/gnu_arcem9d/board/iotdk/drivers/ip/subsystem/gpio/dfss_gpio_obj.o
 .text.dfss_gpio_4_write
                0x20000b10       0x10 obj_iotdk_10/gnu_arcem9d/board/iotdk/drivers/ip/subsystem/gpio/dfss_gpio_obj.o
 .text.dfss_gpio_5_write
                0x20000b20       0x10 obj_iotdk_10/gnu_arcem9d/board/iotdk/drivers/ip/subsystem/gpio/dfss_gpio_obj.o
 .text.dfss_gpio_6_write
                0x20000b30       0x10 obj_iotdk_10/gnu_arcem9d/board/iotdk/drivers/ip/subsystem/gpio/dfss_gpio_obj.o
 .text.dfss_gpio_0_control
                0x20000b40       0x10 obj_iotdk_10/gnu_arcem9d/board/iotdk/drivers/ip/subsystem/gpio/dfss_gpio_obj.o
 .text.dfss_gpio_1_control
                0x20000b50       0x10 obj_iotdk_10/gnu_arcem9d/board/iotdk/drivers/ip/subsystem/gpio/dfss_gpio_obj.o
 .text.dfss_gpio_2_control
                0x20000b60       0x10 obj_iotdk_10/gnu_arcem9d/board/iotdk/drivers/ip/subsystem/gpio/dfss_gpio_obj.o
 .text.dfss_gpio_3_control
                0x20000b70       0x10 obj_iotdk_10/gnu_arcem9d/board/iotdk/drivers/ip/subsystem/gpio/dfss_gpio_obj.o
 .text.dfss_gpio_4_control
                0x20000b80       0x10 obj_iotdk_10/gnu_arcem9d/board/iotdk/drivers/ip/subsystem/gpio/dfss_gpio_obj.o
 .text.dfss_gpio_5_control
                0x20000b90       0x10 obj_iotdk_10/gnu_arcem9d/board/iotdk/drivers/ip/subsystem/gpio/dfss_gpio_obj.o
 .text.dfss_gpio_6_control
                0x20000ba0       0x10 obj_iotdk_10/gnu_arcem9d/board/iotdk/drivers/ip/subsystem/gpio/dfss_gpio_obj.o
 .text.dfss_gpio_0_close
                0x20000bb0        0xc obj_iotdk_10/gnu_arcem9d/board/iotdk/drivers/ip/subsystem/gpio/dfss_gpio_obj.o
 .text.dfss_gpio_1_close
                0x20000bbc        0xc obj_iotdk_10/gnu_arcem9d/board/iotdk/drivers/ip/subsystem/gpio/dfss_gpio_obj.o
 .text.dfss_gpio_2_close
                0x20000bc8        0xc obj_iotdk_10/gnu_arcem9d/board/iotdk/drivers/ip/subsystem/gpio/dfss_gpio_obj.o
 .text.dfss_gpio_3_close
                0x20000bd4        0xc obj_iotdk_10/gnu_arcem9d/board/iotdk/drivers/ip/subsystem/gpio/dfss_gpio_obj.o
 .text.dfss_gpio_4_close
                0x20000be0        0xc obj_iotdk_10/gnu_arcem9d/board/iotdk/drivers/ip/subsystem/gpio/dfss_gpio_obj.o
 .text.dfss_gpio_5_close
                0x20000bec        0xc obj_iotdk_10/gnu_arcem9d/board/iotdk/drivers/ip/subsystem/gpio/dfss_gpio_obj.o
 .text.dfss_gpio_6_close
                0x20000bf8        0xc obj_iotdk_10/gnu_arcem9d/board/iotdk/drivers/ip/subsystem/gpio/dfss_gpio_obj.o
 .text.dfss_gpio_0_open
                0x20000c04        0xc obj_iotdk_10/gnu_arcem9d/board/iotdk/drivers/ip/subsystem/gpio/dfss_gpio_obj.o
 .text.dfss_gpio_1_open
                0x20000c10        0xc obj_iotdk_10/gnu_arcem9d/board/iotdk/drivers/ip/subsystem/gpio/dfss_gpio_obj.o
 .text.dfss_gpio_2_open
                0x20000c1c        0xc obj_iotdk_10/gnu_arcem9d/board/iotdk/drivers/ip/subsystem/gpio/dfss_gpio_obj.o
 .text.dfss_gpio_3_open
                0x20000c28        0xc obj_iotdk_10/gnu_arcem9d/board/iotdk/drivers/ip/subsystem/gpio/dfss_gpio_obj.o
 .text.dfss_gpio_4_open
                0x20000c34        0xc obj_iotdk_10/gnu_arcem9d/board/iotdk/drivers/ip/subsystem/gpio/dfss_gpio_obj.o
 .text.dfss_gpio_5_open
                0x20000c40        0xc obj_iotdk_10/gnu_arcem9d/board/iotdk/drivers/ip/subsystem/gpio/dfss_gpio_obj.o
 .text.dfss_gpio_6_open
                0x20000c4c        0xc obj_iotdk_10/gnu_arcem9d/board/iotdk/drivers/ip/subsystem/gpio/dfss_gpio_obj.o
 .text.gpio_int_cb0
                0x20000c58        0xc obj_iotdk_10/gnu_arcem9d/board/iotdk/drivers/ip/subsystem/gpio/dfss_gpio_obj.o
 .text.gpio_int_cb1
                0x20000c64        0xc obj_iotdk_10/gnu_arcem9d/board/iotdk/drivers/ip/subsystem/gpio/dfss_gpio_obj.o
 .text.gpio_int_cb2
                0x20000c70        0xc obj_iotdk_10/gnu_arcem9d/board/iotdk/drivers/ip/subsystem/gpio/dfss_gpio_obj.o
 .text.gpio_int_cb3
                0x20000c7c        0xc obj_iotdk_10/gnu_arcem9d/board/iotdk/drivers/ip/subsystem/gpio/dfss_gpio_obj.o
 .text.gpio_int_cb4
                0x20000c88        0xc obj_iotdk_10/gnu_arcem9d/board/iotdk/drivers/ip/subsystem/gpio/dfss_gpio_obj.o
 .text.gpio_int_cb5
                0x20000c94        0xc obj_iotdk_10/gnu_arcem9d/board/iotdk/drivers/ip/subsystem/gpio/dfss_gpio_obj.o
 .text.gpio_int_cb6
                0x20000ca0        0xc obj_iotdk_10/gnu_arcem9d/board/iotdk/drivers/ip/subsystem/gpio/dfss_gpio_obj.o
 .text.dfss_gpio_all_install
                0x20000cac      0x1f0 obj_iotdk_10/gnu_arcem9d/board/iotdk/drivers/ip/subsystem/gpio/dfss_gpio_obj.o
                0x20000cac                dfss_gpio_all_install
 .text.gpio_get_dev
                0x20000e9c       0x4c obj_iotdk_10/gnu_arcem9d/board/iotdk/drivers/ip/subsystem/gpio/dfss_gpio_obj.o
                0x20000e9c                gpio_get_dev
 .text.ss_gpio_open
                0x20000ee8       0xb8 obj_iotdk_10/gnu_arcem9d/device/ip/subsystem/gpio/ss_gpio.o
                0x20000ee8                ss_gpio_open
 .text.ss_gpio_close
                0x20000fa0       0x3c obj_iotdk_10/gnu_arcem9d/device/ip/subsystem/gpio/ss_gpio.o
                0x20000fa0                ss_gpio_close
 .text.ss_gpio_control
                0x20000fdc      0x208 obj_iotdk_10/gnu_arcem9d/device/ip/subsystem/gpio/ss_gpio.o
                0x20000fdc                ss_gpio_control
 .text.ss_gpio_write
                0x200011e4       0x44 obj_iotdk_10/gnu_arcem9d/device/ip/subsystem/gpio/ss_gpio.o
                0x200011e4                ss_gpio_write
 .text.ss_gpio_read
                0x20001228       0x30 obj_iotdk_10/gnu_arcem9d/device/ip/subsystem/gpio/ss_gpio.o
                0x20001228                ss_gpio_read
 .text.ss_gpio_int_cb
                0x20001258       0x4c obj_iotdk_10/gnu_arcem9d/device/ip/subsystem/gpio/ss_gpio.o
                0x20001258                ss_gpio_int_cb
 .text.board_init
                0x200012a4       0x2c obj_iotdk_10/gnu_arcem9d/board/iotdk/common/iotdk_init.o
                0x200012a4                board_init
 .text.board_timer_update
                0x200012d0       0x90 obj_iotdk_10/gnu_arcem9d/board/iotdk/common/iotdk_timer.o
                0x200012d0                board_timer_update
 .text.iotdk_timer_isr
                0x20001360       0x14 obj_iotdk_10/gnu_arcem9d/board/iotdk/common/iotdk_timer.o
 .text.iotdk_timer_init
                0x20001374       0x40 obj_iotdk_10/gnu_arcem9d/board/iotdk/common/iotdk_timer.o
                0x20001374                iotdk_timer_init
 .text.io_pmod_config
                0x200013b4       0x94 obj_iotdk_10/gnu_arcem9d/board/iotdk/drivers/mux/mux.o
                0x200013b4                io_pmod_config
 .text.io_mux_init
                0x20001448       0x14 obj_iotdk_10/gnu_arcem9d/board/iotdk/drivers/mux/mux.o
                0x20001448                io_mux_init
 .text.pll_conf_reg
                0x2000145c       0x48 obj_iotdk_10/gnu_arcem9d/board/iotdk/drivers/sysconf/sysconf.o
                0x2000145c                pll_conf_reg
 .text.pll_fout_config
                0x200014a4       0xa4 obj_iotdk_10/gnu_arcem9d/board/iotdk/drivers/sysconf/sysconf.o
                0x200014a4                pll_fout_config
 .text.console_putchar
                0x20001548       0x2c obj_iotdk_10/gnu_arcem9d/middleware/common/console_io.o
                0x20001548                console_putchar
 .text.console_getchar
                0x20001574       0x44 obj_iotdk_10/gnu_arcem9d/middleware/common/console_io.o
                0x20001574                console_getchar
 .text.xprintf_setup
                0x200015b8       0x88 obj_iotdk_10/gnu_arcem9d/middleware/common/console_io.o
                0x200015b8                xprintf_setup
 .text.xputc    0x20001640       0x48 obj_iotdk_10/gnu_arcem9d/middleware/common/xprintf/xprintf.o
                0x20001640                xputc
 .text.xvprintf
                0x20001688      0x394 obj_iotdk_10/gnu_arcem9d/middleware/common/xprintf/xprintf.o
                0x20001688                xvprintf
 .text.xprintf  0x20001a1c       0x28 obj_iotdk_10/gnu_arcem9d/middleware/common/xprintf/xprintf.o
                0x20001a1c                xprintf
 .text.arc_delay_us.part.0
                0x20001a44       0x4c obj_iotdk_10/gnu_arcem9d/arc/arc_timer.o
 .text.timer_present
                0x20001a90       0x38 obj_iotdk_10/gnu_arcem9d/arc/arc_timer.o
                0x20001a90                timer_present
 .text.timer_start
                0x20001ac8       0x6c obj_iotdk_10/gnu_arcem9d/arc/arc_timer.o
                0x20001ac8                timer_start
 .text.timer_stop
                0x20001b34       0x70 obj_iotdk_10/gnu_arcem9d/arc/arc_timer.o
                0x20001b34                timer_stop
 .text.timer_current
                0x20001ba4       0x30 obj_iotdk_10/gnu_arcem9d/arc/arc_timer.o
                0x20001ba4                timer_current
 .text.timer_int_clear
                0x20001bd4       0x34 obj_iotdk_10/gnu_arcem9d/arc/arc_timer.o
                0x20001bd4                timer_int_clear
 .text.timer_init
                0x20001c08       0x74 obj_iotdk_10/gnu_arcem9d/arc/arc_timer.o
                0x20001c08                timer_init
 .text.timer_calibrate_delay
                0x20001c7c      0x1ac obj_iotdk_10/gnu_arcem9d/arc/arc_timer.o
                0x20001c7c                timer_calibrate_delay
 .text.arc_cache_init
                0x20001e28      0x118 obj_iotdk_10/gnu_arcem9d/arc/arc_cache.o
                0x20001e28                arc_cache_init
 .text.int_handler_default
                0x20001f40       0x34 obj_iotdk_10/gnu_arcem9d/arc/arc_exception.o
 .text.dump_protv_access_err
                0x20001f74       0x80 obj_iotdk_10/gnu_arcem9d/arc/arc_exception.o
 .text.exc_handler_default
                0x20001ff4      0x39c obj_iotdk_10/gnu_arcem9d/arc/arc_exception.o
 .text.exc_int_init
                0x20002390       0x80 obj_iotdk_10/gnu_arcem9d/arc/arc_exception.o
                0x20002390                exc_int_init
 .text.int_disable
                0x20002410       0x28 obj_iotdk_10/gnu_arcem9d/arc/arc_exception.o
                0x20002410                int_disable
 .text.int_enable
                0x20002438       0x28 obj_iotdk_10/gnu_arcem9d/arc/arc_exception.o
                0x20002438                int_enable
 .text.cpu_unlock
                0x20002460        0x8 obj_iotdk_10/gnu_arcem9d/arc/arc_exception.o
                0x20002460                cpu_unlock
 .text.cpu_lock_save
                0x20002468        0x8 obj_iotdk_10/gnu_arcem9d/arc/arc_exception.o
                0x20002468                cpu_lock_save
 .text.cpu_unlock_restore
                0x20002470        0x8 obj_iotdk_10/gnu_arcem9d/arc/arc_exception.o
                0x20002470                cpu_unlock_restore
 .text.int_handler_install
                0x20002478       0x20 obj_iotdk_10/gnu_arcem9d/arc/arc_exception.o
                0x20002478                int_handler_install
 .text          0x20002498      0x2f8 obj_iotdk_10/gnu_arcem9d/arc/arc_exc_asm.o
                0x20002498                exc_entry_cpu
                0x20002618                exc_entry_int
                0x200026cc                exc_entry_firq
 .text.gnu_printf_setup
                0x20002790        0x4 obj_iotdk_10/gnu_arcem9d/library/clib/embarc_misc.o
                0x20002790                gnu_printf_setup
 .text.dfss_uart_0_read
                0x20002794       0x10 obj_iotdk_10/gnu_arcem9d/board/iotdk/drivers/ip/subsystem/uart/dfss_uart_obj.o
 .text.dfss_uart_1_read
                0x200027a4       0x10 obj_iotdk_10/gnu_arcem9d/board/iotdk/drivers/ip/subsystem/uart/dfss_uart_obj.o
 .text.dfss_uart_2_read
                0x200027b4       0x10 obj_iotdk_10/gnu_arcem9d/board/iotdk/drivers/ip/subsystem/uart/dfss_uart_obj.o
 .text.dfss_uart_3_read
                0x200027c4       0x10 obj_iotdk_10/gnu_arcem9d/board/iotdk/drivers/ip/subsystem/uart/dfss_uart_obj.o
 .text.dfss_uart_0_write
                0x200027d4       0x10 obj_iotdk_10/gnu_arcem9d/board/iotdk/drivers/ip/subsystem/uart/dfss_uart_obj.o
 .text.dfss_uart_1_write
                0x200027e4       0x10 obj_iotdk_10/gnu_arcem9d/board/iotdk/drivers/ip/subsystem/uart/dfss_uart_obj.o
 .text.dfss_uart_2_write
                0x200027f4       0x10 obj_iotdk_10/gnu_arcem9d/board/iotdk/drivers/ip/subsystem/uart/dfss_uart_obj.o
 .text.dfss_uart_3_write
                0x20002804       0x10 obj_iotdk_10/gnu_arcem9d/board/iotdk/drivers/ip/subsystem/uart/dfss_uart_obj.o
 .text.dfss_uart_0_control
                0x20002814       0x10 obj_iotdk_10/gnu_arcem9d/board/iotdk/drivers/ip/subsystem/uart/dfss_uart_obj.o
 .text.dfss_uart_1_control
                0x20002824       0x10 obj_iotdk_10/gnu_arcem9d/board/iotdk/drivers/ip/subsystem/uart/dfss_uart_obj.o
 .text.dfss_uart_2_control
                0x20002834       0x10 obj_iotdk_10/gnu_arcem9d/board/iotdk/drivers/ip/subsystem/uart/dfss_uart_obj.o
 .text.dfss_uart_3_control
                0x20002844       0x10 obj_iotdk_10/gnu_arcem9d/board/iotdk/drivers/ip/subsystem/uart/dfss_uart_obj.o
 .text.dfss_uart_0_close
                0x20002854        0xc obj_iotdk_10/gnu_arcem9d/board/iotdk/drivers/ip/subsystem/uart/dfss_uart_obj.o
 .text.dfss_uart_1_close
                0x20002860        0xc obj_iotdk_10/gnu_arcem9d/board/iotdk/drivers/ip/subsystem/uart/dfss_uart_obj.o
 .text.dfss_uart_2_close
                0x2000286c        0xc obj_iotdk_10/gnu_arcem9d/board/iotdk/drivers/ip/subsystem/uart/dfss_uart_obj.o
 .text.dfss_uart_3_close
                0x20002878        0xc obj_iotdk_10/gnu_arcem9d/board/iotdk/drivers/ip/subsystem/uart/dfss_uart_obj.o
 .text.dfss_uart_0_open
                0x20002884        0xc obj_iotdk_10/gnu_arcem9d/board/iotdk/drivers/ip/subsystem/uart/dfss_uart_obj.o
 .text.dfss_uart_1_open
                0x20002890        0xc obj_iotdk_10/gnu_arcem9d/board/iotdk/drivers/ip/subsystem/uart/dfss_uart_obj.o
 .text.dfss_uart_2_open
                0x2000289c        0xc obj_iotdk_10/gnu_arcem9d/board/iotdk/drivers/ip/subsystem/uart/dfss_uart_obj.o
 .text.dfss_uart_3_open
                0x200028a8        0xc obj_iotdk_10/gnu_arcem9d/board/iotdk/drivers/ip/subsystem/uart/dfss_uart_obj.o
 .text.uart_err_cb0
                0x200028b4        0xc obj_iotdk_10/gnu_arcem9d/board/iotdk/drivers/ip/subsystem/uart/dfss_uart_obj.o
 .text.uart_err_cb1
                0x200028c0        0xc obj_iotdk_10/gnu_arcem9d/board/iotdk/drivers/ip/subsystem/uart/dfss_uart_obj.o
 .text.uart_err_cb2
                0x200028cc        0xc obj_iotdk_10/gnu_arcem9d/board/iotdk/drivers/ip/subsystem/uart/dfss_uart_obj.o
 .text.uart_err_cb3
                0x200028d8        0xc obj_iotdk_10/gnu_arcem9d/board/iotdk/drivers/ip/subsystem/uart/dfss_uart_obj.o
 .text.uart_rx_cb0
                0x200028e4        0xc obj_iotdk_10/gnu_arcem9d/board/iotdk/drivers/ip/subsystem/uart/dfss_uart_obj.o
 .text.uart_rx_cb1
                0x200028f0        0xc obj_iotdk_10/gnu_arcem9d/board/iotdk/drivers/ip/subsystem/uart/dfss_uart_obj.o
 .text.uart_rx_cb2
                0x200028fc        0xc obj_iotdk_10/gnu_arcem9d/board/iotdk/drivers/ip/subsystem/uart/dfss_uart_obj.o
 .text.uart_rx_cb3
                0x20002908        0xc obj_iotdk_10/gnu_arcem9d/board/iotdk/drivers/ip/subsystem/uart/dfss_uart_obj.o
 .text.uart_tx_cb0
                0x20002914        0xc obj_iotdk_10/gnu_arcem9d/board/iotdk/drivers/ip/subsystem/uart/dfss_uart_obj.o
 .text.uart_tx_cb1
                0x20002920        0xc obj_iotdk_10/gnu_arcem9d/board/iotdk/drivers/ip/subsystem/uart/dfss_uart_obj.o
 .text.uart_tx_cb2
                0x2000292c        0xc obj_iotdk_10/gnu_arcem9d/board/iotdk/drivers/ip/subsystem/uart/dfss_uart_obj.o
 .text.uart_tx_cb3
                0x20002938        0xc obj_iotdk_10/gnu_arcem9d/board/iotdk/drivers/ip/subsystem/uart/dfss_uart_obj.o
 .text.dfss_uart_all_install
                0x20002944      0x120 obj_iotdk_10/gnu_arcem9d/board/iotdk/drivers/ip/subsystem/uart/dfss_uart_obj.o
                0x20002944                dfss_uart_all_install
 .text.uart_get_dev
                0x20002a64       0x48 obj_iotdk_10/gnu_arcem9d/board/iotdk/drivers/ip/subsystem/uart/dfss_uart_obj.o
                0x20002a64                uart_get_dev
 .text.gpio_ISR_proc
                0x20002aac       0x40 obj_iotdk_10/gnu_arcem9d/device/ip/subsystem/gpio/gpio.o
 .text.gpio_4B_2_ISR
                0x20002aec        0x8 obj_iotdk_10/gnu_arcem9d/device/ip/subsystem/gpio/gpio.o
 .text.gpio_4B_1_ISR
                0x20002af4        0x8 obj_iotdk_10/gnu_arcem9d/device/ip/subsystem/gpio/gpio.o
 .text.gpio_4B_0_ISR
                0x20002afc        0x8 obj_iotdk_10/gnu_arcem9d/device/ip/subsystem/gpio/gpio.o
 .text.gpio_8B_3_ISR
                0x20002b04        0x8 obj_iotdk_10/gnu_arcem9d/device/ip/subsystem/gpio/gpio.o
 .text.gpio_8B_2_ISR
                0x20002b0c        0x8 obj_iotdk_10/gnu_arcem9d/device/ip/subsystem/gpio/gpio.o
 .text.gpio_8B_1_ISR
                0x20002b14        0x8 obj_iotdk_10/gnu_arcem9d/device/ip/subsystem/gpio/gpio.o
 .text.gpio_8B_0_ISR
                0x20002b1c        0x8 obj_iotdk_10/gnu_arcem9d/device/ip/subsystem/gpio/gpio.o
 .text.io_gpio_open
                0x20002b24       0x98 obj_iotdk_10/gnu_arcem9d/device/ip/subsystem/gpio/gpio.o
                0x20002b24                io_gpio_open
 .text.io_gpio_close
                0x20002bbc       0x5c obj_iotdk_10/gnu_arcem9d/device/ip/subsystem/gpio/gpio.o
                0x20002bbc                io_gpio_close
 .text.io_gpio_read
                0x20002c18       0x1c obj_iotdk_10/gnu_arcem9d/device/ip/subsystem/gpio/gpio.o
                0x20002c18                io_gpio_read
 .text.io_gpio_write
                0x20002c34       0x18 obj_iotdk_10/gnu_arcem9d/device/ip/subsystem/gpio/gpio.o
                0x20002c34                io_gpio_write
 .text.io_gpio_ioctl
                0x20002c4c       0xf0 obj_iotdk_10/gnu_arcem9d/device/ip/subsystem/gpio/gpio.o
                0x20002c4c                io_gpio_ioctl
 .text.set_dps  0x20002d3c       0xa8 obj_iotdk_10/gnu_arcem9d/device/ip/subsystem/uart/ss_uart.o
 .text.ss_uart_open
                0x20002de4       0xe8 obj_iotdk_10/gnu_arcem9d/device/ip/subsystem/uart/ss_uart.o
                0x20002de4                ss_uart_open
 .text.ss_uart_close
                0x20002ecc       0x34 obj_iotdk_10/gnu_arcem9d/device/ip/subsystem/uart/ss_uart.o
                0x20002ecc                ss_uart_close
 .text.ss_uart_control
                0x20002f00      0x1a0 obj_iotdk_10/gnu_arcem9d/device/ip/subsystem/uart/ss_uart.o
                0x20002f00                ss_uart_control
 .text.ss_uart_write
                0x200030a0       0xb8 obj_iotdk_10/gnu_arcem9d/device/ip/subsystem/uart/ss_uart.o
                0x200030a0                ss_uart_write
 .text.ss_uart_read
                0x20003158       0xc8 obj_iotdk_10/gnu_arcem9d/device/ip/subsystem/uart/ss_uart.o
                0x20003158                ss_uart_read
 .text.ss_uart_tx_cb
                0x20003220       0x24 obj_iotdk_10/gnu_arcem9d/device/ip/subsystem/uart/ss_uart.o
                0x20003220                ss_uart_tx_cb
 .text.ss_uart_rx_cb
                0x20003244       0x24 obj_iotdk_10/gnu_arcem9d/device/ip/subsystem/uart/ss_uart.o
                0x20003244                ss_uart_rx_cb
 .text.ss_uart_err_cb
                0x20003268       0x14 obj_iotdk_10/gnu_arcem9d/device/ip/subsystem/uart/ss_uart.o
                0x20003268                ss_uart_err_cb
 .text.uart0_dmatx_ISR
                0x2000327c        0x4 obj_iotdk_10/gnu_arcem9d/device/ip/subsystem/uart/uart.o
 .text.uart_isr_proc
                0x20003280      0x368 obj_iotdk_10/gnu_arcem9d/device/ip/subsystem/uart/uart.o
 .text.uart3_ISR
                0x200035e8        0x8 obj_iotdk_10/gnu_arcem9d/device/ip/subsystem/uart/uart.o
 .text.uart2_ISR
                0x200035f0        0x8 obj_iotdk_10/gnu_arcem9d/device/ip/subsystem/uart/uart.o
 .text.uart1_ISR
                0x200035f8        0x8 obj_iotdk_10/gnu_arcem9d/device/ip/subsystem/uart/uart.o
 .text.uart0_ISR
                0x20003600        0x8 obj_iotdk_10/gnu_arcem9d/device/ip/subsystem/uart/uart.o
 .text.uart3_dmarx_ISR
                0x20003608        0x4 obj_iotdk_10/gnu_arcem9d/device/ip/subsystem/uart/uart.o
 .text.uart0_dmarx_ISR
                0x2000360c        0x4 obj_iotdk_10/gnu_arcem9d/device/ip/subsystem/uart/uart.o
 .text.uart1_dmatx_ISR
                0x20003610        0x4 obj_iotdk_10/gnu_arcem9d/device/ip/subsystem/uart/uart.o
 .text.uart1_dmarx_ISR
                0x20003614        0x4 obj_iotdk_10/gnu_arcem9d/device/ip/subsystem/uart/uart.o
 .text.uart2_dmatx_ISR
                0x20003618        0x4 obj_iotdk_10/gnu_arcem9d/device/ip/subsystem/uart/uart.o
 .text.uart2_dmarx_ISR
                0x2000361c        0x4 obj_iotdk_10/gnu_arcem9d/device/ip/subsystem/uart/uart.o
 .text.uart3_dmatx_ISR
                0x20003620        0x4 obj_iotdk_10/gnu_arcem9d/device/ip/subsystem/uart/uart.o
 .text.io_uart_open
                0x20003624       0xd8 obj_iotdk_10/gnu_arcem9d/device/ip/subsystem/uart/uart.o
                0x20003624                io_uart_open
 .text.io_uart_close
                0x200036fc       0x70 obj_iotdk_10/gnu_arcem9d/device/ip/subsystem/uart/uart.o
                0x200036fc                io_uart_close
 .text.io_uart_read
                0x2000376c       0x5c obj_iotdk_10/gnu_arcem9d/device/ip/subsystem/uart/uart.o
                0x2000376c                io_uart_read
 .text.io_uart_write
                0x200037c8       0x88 obj_iotdk_10/gnu_arcem9d/device/ip/subsystem/uart/uart.o
                0x200037c8                io_uart_write
 .text.io_uart_ioctl
                0x20003850      0x1e8 obj_iotdk_10/gnu_arcem9d/device/ip/subsystem/uart/uart.o
                0x20003850                io_uart_ioctl
 .text.__udivdi3
                0x20003a38      0x36c c:/arc_gnu/bin/../lib/gcc/arc-elf32/9.3.1/em4_fpuda\libgcc.a(_udivdi3.o)
                0x20003a38                __udivdi3
                0x20003da4                _e_text = .

.rodata         0x20003da4      0xed4
                0x20003da4                _f_rodata = .
                0x20003da4                . = ALIGN (0x4)
                0x20003da4                __CTOR_LIST__ = .
                0x20003da4        0x4 LONG 0x0 (((__CTOR_END__ - __CTOR_LIST__) / 0x4) - 0x2)
 *(SORT_BY_NAME(.ctors*))
                0x20003da8        0x4 LONG 0x0
                0x20003dac                __CTOR_END__ = .
                0x20003dac                . = ALIGN (0x4)
                0x20003dac                __init_array_start = .
 *(SORT_BY_NAME(.init_array*))
                0x20003dac                __init_array_end = .
                0x20003dac                . = ALIGN (0x4)
                0x20003dac                __DTOR_LIST__ = .
                0x20003dac        0x4 LONG 0x0 (((__DTOR_END__ - __DTOR_LIST__) / 0x4) - 0x2)
 *(SORT_BY_NAME(.dtors*))
                0x20003db0        0x4 LONG 0x0
                0x20003db4                __DTOR_END__ = .
 *(.rodata .rodata.* .gnu.linkonce.r.*)
 .rodata.main.str1.4
                0x20003db4        0x7 obj_iotdk_10/gnu_arcem9d/application/./main.o
                                  0x8 (size before relaxing)
 *fill*         0x20003dbb        0x1 
 .rodata.str1.4
                0x20003dbc        0x5 obj_iotdk_10/gnu_arcem9d/board/board.o
                                  0x8 (size before relaxing)
 *fill*         0x20003dc1        0x3 
 .rodata.CSWTCH.52
                0x20003dc4       0x1c obj_iotdk_10/gnu_arcem9d/board/iotdk/drivers/ip/subsystem/gpio/dfss_gpio_obj.o
 .rodata.ss_gpio_control
                0x20003de0       0x28 obj_iotdk_10/gnu_arcem9d/device/ip/subsystem/gpio/ss_gpio.o
 .rodata.pll_configuration
                0x20003e08       0x58 obj_iotdk_10/gnu_arcem9d/board/iotdk/drivers/sysconf/sysconf.o
 .rodata.xprintf_setup.str1.4
                0x20003e60      0x320 obj_iotdk_10/gnu_arcem9d/middleware/common/console_io.o
 .rodata.xvprintf
                0x20004180       0x5c obj_iotdk_10/gnu_arcem9d/middleware/common/xprintf/xprintf.o
 .rodata.int_handler_default.str1.4
                0x200041dc       0x3c obj_iotdk_10/gnu_arcem9d/arc/arc_exception.o
 .rodata.dump_protv_access_err.str1.4
                0x20004218       0x7a obj_iotdk_10/gnu_arcem9d/arc/arc_exception.o
                                 0x7c (size before relaxing)
 *fill*         0x20004292        0x2 
 .rodata.dump_protv_access_err
                0x20004294       0x90 obj_iotdk_10/gnu_arcem9d/arc/arc_exception.o
 .rodata.exc_handler_default.str1.4
                0x20004324      0x5dc obj_iotdk_10/gnu_arcem9d/arc/arc_exception.o
                                0x5e0 (size before relaxing)
 .rodata.exc_handler_default
                0x20004900      0x1a8 obj_iotdk_10/gnu_arcem9d/arc/arc_exception.o
 .rodata.CSWTCH.39
                0x20004aa8       0x10 obj_iotdk_10/gnu_arcem9d/board/iotdk/drivers/ip/subsystem/uart/dfss_uart_obj.o
 .rodata.io_gpio_ioctl
                0x20004ab8       0xc0 obj_iotdk_10/gnu_arcem9d/device/ip/subsystem/gpio/gpio.o
 .rodata.ss_uart_control
                0x20004b78       0x48 obj_iotdk_10/gnu_arcem9d/device/ip/subsystem/uart/ss_uart.o
 .rodata.uart_isr_proc
                0x20004bc0       0x20 obj_iotdk_10/gnu_arcem9d/device/ip/subsystem/uart/uart.o
 .rodata.io_uart_ioctl
                0x20004be0       0x98 obj_iotdk_10/gnu_arcem9d/device/ip/subsystem/uart/uart.o
                0x20004c78                _e_rodata = .

.data           0x80000000      0x568 load address 0x20004c78
                0x80000000                _f_data = .
 *(.data .data.* .gnu.linkonce.d.*)
 .data.s_main_args
                0x80000000        0x8 obj_iotdk_10/gnu_arcem9d/board/board.o
                0x80000000                s_main_args
 .data.gpio_context6
                0x80000008       0x20 obj_iotdk_10/gnu_arcem9d/board/iotdk/drivers/ip/subsystem/gpio/dfss_gpio_obj.o
 .data.gpio_context5
                0x80000028       0x20 obj_iotdk_10/gnu_arcem9d/board/iotdk/drivers/ip/subsystem/gpio/dfss_gpio_obj.o
 .data.gpio_context4
                0x80000048       0x20 obj_iotdk_10/gnu_arcem9d/board/iotdk/drivers/ip/subsystem/gpio/dfss_gpio_obj.o
 .data.gpio_context3
                0x80000068       0x20 obj_iotdk_10/gnu_arcem9d/board/iotdk/drivers/ip/subsystem/gpio/dfss_gpio_obj.o
 .data.gpio_context2
                0x80000088       0x20 obj_iotdk_10/gnu_arcem9d/board/iotdk/drivers/ip/subsystem/gpio/dfss_gpio_obj.o
 .data.gpio_context1
                0x800000a8       0x20 obj_iotdk_10/gnu_arcem9d/board/iotdk/drivers/ip/subsystem/gpio/dfss_gpio_obj.o
 .data.gpio_context0
                0x800000c8       0x20 obj_iotdk_10/gnu_arcem9d/board/iotdk/drivers/ip/subsystem/gpio/dfss_gpio_obj.o
 .data.sysconf_reg_ptr
                0x800000e8        0x4 obj_iotdk_10/gnu_arcem9d/board/iotdk/drivers/sysconf/sysconf.o
                0x800000e8                sysconf_reg_ptr
 .data.gl_count
                0x800000ec        0x4 obj_iotdk_10/gnu_arcem9d/arc/arc_timer.o
                0x800000ec                gl_count
 .data.gl_loops_per_jiffy
                0x800000f0        0x8 obj_iotdk_10/gnu_arcem9d/arc/arc_timer.o
                0x800000f0                gl_loops_per_jiffy
 .data.exc_int_handler_table
                0x800000f8      0x1bc obj_iotdk_10/gnu_arcem9d/arc/arc_exception.o
                0x800000f8                exc_int_handler_table
 .data.uart_context3
                0x800002b4       0x1c obj_iotdk_10/gnu_arcem9d/board/iotdk/drivers/ip/subsystem/uart/dfss_uart_obj.o
 .data.uart_context2
                0x800002d0       0x1c obj_iotdk_10/gnu_arcem9d/board/iotdk/drivers/ip/subsystem/uart/dfss_uart_obj.o
 .data.uart_context1
                0x800002ec       0x1c obj_iotdk_10/gnu_arcem9d/board/iotdk/drivers/ip/subsystem/uart/dfss_uart_obj.o
 .data.uart_context0
                0x80000308       0x1c obj_iotdk_10/gnu_arcem9d/board/iotdk/drivers/ip/subsystem/uart/dfss_uart_obj.o
 .data.gpio_devs
                0x80000324       0xa0 obj_iotdk_10/gnu_arcem9d/device/ip/subsystem/gpio/gpio.o
 .data.uart_devs
                0x800003c4      0x1a4 obj_iotdk_10/gnu_arcem9d/device/ip/subsystem/uart/uart.o
                0x80000568                _f_sdata = .
                0x80000568                __SDATA_BEGIN__ = .
 *(.sdata .sdata.* .gnu.linkonce.s.*)
                [!provide]                PROVIDE (__sbss_start = .)
                [!provide]                PROVIDE (___sbss_start = .)
                0x80000568                _f_sbss = .
 *(.dynsbss)
 *(.sbss .sbss.* .gnu.linkonce.sb.*)
 *(.scommon)
                0x80000568                _e_sbss = .
                [!provide]                PROVIDE (__sbss_end = .)
                [!provide]                PROVIDE (___sbss_end = .)
                0x80000568                _e_sdata = .
                0x80000568                _e_data = .

.bss            0x80000568      0x3e0 load address 0x200051e0
                0x80000568                _f_bss = .
 *(.dynbss)
 *(.bss .bss.* .gnu.linkonce.b.*)
 .bss.install_flag.2037
                0x80000568        0x4 obj_iotdk_10/gnu_arcem9d/board/iotdk/drivers/ip/subsystem/gpio/dfss_gpio_obj.o
 .bss.gpio_int_handlers6
                0x8000056c       0x10 obj_iotdk_10/gnu_arcem9d/board/iotdk/drivers/ip/subsystem/gpio/dfss_gpio_obj.o
 .bss.gpio_6    0x8000057c       0x2c obj_iotdk_10/gnu_arcem9d/board/iotdk/drivers/ip/subsystem/gpio/dfss_gpio_obj.o
 .bss.gpio_int_handlers5
                0x800005a8       0x10 obj_iotdk_10/gnu_arcem9d/board/iotdk/drivers/ip/subsystem/gpio/dfss_gpio_obj.o
 .bss.gpio_5    0x800005b8       0x2c obj_iotdk_10/gnu_arcem9d/board/iotdk/drivers/ip/subsystem/gpio/dfss_gpio_obj.o
 .bss.gpio_int_handlers4
                0x800005e4       0x10 obj_iotdk_10/gnu_arcem9d/board/iotdk/drivers/ip/subsystem/gpio/dfss_gpio_obj.o
 .bss.gpio_4    0x800005f4       0x2c obj_iotdk_10/gnu_arcem9d/board/iotdk/drivers/ip/subsystem/gpio/dfss_gpio_obj.o
 .bss.gpio_int_handlers3
                0x80000620       0x20 obj_iotdk_10/gnu_arcem9d/board/iotdk/drivers/ip/subsystem/gpio/dfss_gpio_obj.o
 .bss.gpio_3    0x80000640       0x2c obj_iotdk_10/gnu_arcem9d/board/iotdk/drivers/ip/subsystem/gpio/dfss_gpio_obj.o
 .bss.gpio_int_handlers2
                0x8000066c       0x20 obj_iotdk_10/gnu_arcem9d/board/iotdk/drivers/ip/subsystem/gpio/dfss_gpio_obj.o
 .bss.gpio_2    0x8000068c       0x2c obj_iotdk_10/gnu_arcem9d/board/iotdk/drivers/ip/subsystem/gpio/dfss_gpio_obj.o
 .bss.gpio_int_handlers1
                0x800006b8       0x20 obj_iotdk_10/gnu_arcem9d/board/iotdk/drivers/ip/subsystem/gpio/dfss_gpio_obj.o
 .bss.gpio_1    0x800006d8       0x2c obj_iotdk_10/gnu_arcem9d/board/iotdk/drivers/ip/subsystem/gpio/dfss_gpio_obj.o
 .bss.gpio_int_handlers0
                0x80000704       0x20 obj_iotdk_10/gnu_arcem9d/board/iotdk/drivers/ip/subsystem/gpio/dfss_gpio_obj.o
 .bss.gpio_0    0x80000724       0x2c obj_iotdk_10/gnu_arcem9d/board/iotdk/drivers/ip/subsystem/gpio/dfss_gpio_obj.o
 .bss.sys_ms_update.2897
                0x80000750        0x4 obj_iotdk_10/gnu_arcem9d/board/iotdk/common/iotdk_timer.o
 .bss.sys_hz_update.2896
                0x80000754        0x4 obj_iotdk_10/gnu_arcem9d/board/iotdk/common/iotdk_timer.o
 .bss.gl_iotdk_ms_cnt
                0x80000758        0x4 obj_iotdk_10/gnu_arcem9d/board/iotdk/common/iotdk_timer.o
                0x80000758                gl_iotdk_ms_cnt
 .bss.gl_iotdk_sys_hz_cnt
                0x8000075c        0x8 obj_iotdk_10/gnu_arcem9d/board/iotdk/common/iotdk_timer.o
                0x8000075c                gl_iotdk_sys_hz_cnt
 .bss.console_uart
                0x80000764        0x4 obj_iotdk_10/gnu_arcem9d/middleware/common/console_io.o
 .bss.xprintf_setup_flag
                0x80000768        0x4 obj_iotdk_10/gnu_arcem9d/middleware/common/console_io.o
 .bss.outptr    0x8000076c        0x4 obj_iotdk_10/gnu_arcem9d/middleware/common/xprintf/xprintf.o
 .bss.dcache_config
                0x80000770        0x8 obj_iotdk_10/gnu_arcem9d/arc/arc_cache.o
 .bss.icache_config
                0x80000778        0x8 obj_iotdk_10/gnu_arcem9d/arc/arc_cache.o
 .bss.install_flag.1932
                0x80000780        0x4 obj_iotdk_10/gnu_arcem9d/board/iotdk/drivers/ip/subsystem/uart/dfss_uart_obj.o
 .bss.dfss_uart_3
                0x80000784       0x5c obj_iotdk_10/gnu_arcem9d/board/iotdk/drivers/ip/subsystem/uart/dfss_uart_obj.o
 .bss.dfss_uart_2
                0x800007e0       0x5c obj_iotdk_10/gnu_arcem9d/board/iotdk/drivers/ip/subsystem/uart/dfss_uart_obj.o
 .bss.dfss_uart_1
                0x8000083c       0x5c obj_iotdk_10/gnu_arcem9d/board/iotdk/drivers/ip/subsystem/uart/dfss_uart_obj.o
 .bss.dfss_uart_0
                0x80000898       0x5c obj_iotdk_10/gnu_arcem9d/board/iotdk/drivers/ip/subsystem/uart/dfss_uart_obj.o
 .bss.gpio_handles
                0x800008f4       0x30 obj_iotdk_10/gnu_arcem9d/device/ip/subsystem/gpio/gpio.o
 .bss.uart_handles
                0x80000924       0x10 obj_iotdk_10/gnu_arcem9d/device/ip/subsystem/uart/uart.o
 *(COMMON)
 COMMON         0x80000934        0x8 obj_iotdk_10/gnu_arcem9d/application/./main.o
                0x80000934                ifit
                0x80000938                gpio_8b2
 COMMON         0x8000093c        0x8 obj_iotdk_10/gnu_arcem9d/middleware/common/xprintf/xprintf.o
                0x8000093c                xfunc_in
                0x80000940                xfunc_out
 COMMON         0x80000944        0x4 obj_iotdk_10/gnu_arcem9d/arc/arc_exception.o
                0x80000944                exc_nest_count
                0x80000948                _e_bss = .

.stack          0x80000948      0x800 load address 0x200051e0
                0x80000948                . = ALIGN (0x4)
                0x80000948                _f_stack = .
                0x80001148                . = (. + 0x800)
 *fill*         0x80000948      0x800 
                0x80001148                _e_stack = .

.heap           0x80001148     0x2000 load address 0x200051e0
                0x80001148                . = ALIGN (0x4)
                0x80001148                __start_heap = .
                0x80001148                _f_heap = .
                0x80003148                . = (. + 0x2000)
 *fill*         0x80001148     0x2000 
                0x80003148                _e_heap = .
                0x80003148                __end_heap = .
                0x20000800                _load_addr_text = LOADADDR (.text)
                0x20003da4                _load_addr_rodata = LOADADDR (.rodata)
                0x20004c78                _load_addr_data = LOADADDR (.data)
LOAD obj_iotdk_10/gnu_arcem9d/application/./main.o
LOAD obj_iotdk_10/gnu_arcem9d/board/board.o
LOAD obj_iotdk_10/gnu_arcem9d/arc/startup/arc_cxx_support.o
LOAD obj_iotdk_10/gnu_arcem9d/arc/startup/arc_startup.o
START GROUP
LOAD obj_iotdk_10/gnu_arcem9d/libembarc.a
LOAD c:/arc_gnu/bin/../lib/gcc/arc-elf32/9.3.1/../../../../arc-elf32/lib/em4_fpuda\libm.a
LOAD c:/arc_gnu/bin/../lib/gcc/arc-elf32/9.3.1/../../../../arc-elf32/lib/em4_fpuda\libc.a
LOAD c:/arc_gnu/bin/../lib/gcc/arc-elf32/9.3.1/em4_fpuda\libgcc.a
END GROUP
START GROUP
LOAD c:/arc_gnu/bin/../lib/gcc/arc-elf32/9.3.1/em4_fpuda\libgcc.a
LOAD c:/arc_gnu/bin/../lib/gcc/arc-elf32/9.3.1/../../../../arc-elf32/lib/em4_fpuda\libc.a
LOAD c:/arc_gnu/bin/../lib/gcc/arc-elf32/9.3.1/../../../../arc-elf32/lib/em4_fpuda\libnosys.a
END GROUP
OUTPUT(obj_iotdk_10/gnu_arcem9d/UltraSonic_gnu_arcem9d.elf elf32-littlearc)

.debug_info     0x00000000     0xebed
 .debug_info    0x00000000     0x119c obj_iotdk_10/gnu_arcem9d/application/./main.o
 .debug_info    0x0000119c      0xf92 obj_iotdk_10/gnu_arcem9d/board/board.o
 .debug_info    0x0000212e      0x1fe obj_iotdk_10/gnu_arcem9d/arc/startup/arc_cxx_support.o
 .debug_info    0x0000232c       0x26 obj_iotdk_10/gnu_arcem9d/arc/startup/arc_startup.o
 .debug_info    0x00002352     0x15e3 obj_iotdk_10/gnu_arcem9d/board/iotdk/drivers/ip/subsystem/gpio/dfss_gpio_obj.o
 .debug_info    0x00003935      0x803 obj_iotdk_10/gnu_arcem9d/device/ip/subsystem/gpio/ss_gpio.o
 .debug_info    0x00004138      0x674 obj_iotdk_10/gnu_arcem9d/board/iotdk/common/iotdk_init.o
 .debug_info    0x000047ac      0x86b obj_iotdk_10/gnu_arcem9d/board/iotdk/common/iotdk_timer.o
 .debug_info    0x00005017      0xaaa obj_iotdk_10/gnu_arcem9d/board/iotdk/drivers/mux/mux.o
 .debug_info    0x00005ac1      0x851 obj_iotdk_10/gnu_arcem9d/board/iotdk/drivers/sysconf/sysconf.o
 .debug_info    0x00006312     0x1259 obj_iotdk_10/gnu_arcem9d/middleware/common/console_io.o
 .debug_info    0x0000756b      0x8bc obj_iotdk_10/gnu_arcem9d/middleware/common/xprintf/xprintf.o
 .debug_info    0x00007e27      0x5a3 obj_iotdk_10/gnu_arcem9d/arc/arc_timer.o
 .debug_info    0x000083ca      0x91e obj_iotdk_10/gnu_arcem9d/arc/arc_cache.o
 .debug_info    0x00008ce8     0x1703 obj_iotdk_10/gnu_arcem9d/arc/arc_exception.o
 .debug_info    0x0000a3eb       0x26 obj_iotdk_10/gnu_arcem9d/arc/arc_exc_asm.o
 .debug_info    0x0000a411      0x9d2 obj_iotdk_10/gnu_arcem9d/library/clib/embarc_misc.o
 .debug_info    0x0000ade3     0x1161 obj_iotdk_10/gnu_arcem9d/board/iotdk/drivers/ip/subsystem/uart/dfss_uart_obj.o
 .debug_info    0x0000bf44      0xe14 obj_iotdk_10/gnu_arcem9d/device/ip/subsystem/gpio/gpio.o
 .debug_info    0x0000cd58      0xe66 obj_iotdk_10/gnu_arcem9d/device/ip/subsystem/uart/ss_uart.o
 .debug_info    0x0000dbbe     0x102f obj_iotdk_10/gnu_arcem9d/device/ip/subsystem/uart/uart.o

.debug_abbrev   0x00000000     0x3769
 .debug_abbrev  0x00000000      0x2d9 obj_iotdk_10/gnu_arcem9d/application/./main.o
 .debug_abbrev  0x000002d9      0x35b obj_iotdk_10/gnu_arcem9d/board/board.o
 .debug_abbrev  0x00000634      0x172 obj_iotdk_10/gnu_arcem9d/arc/startup/arc_cxx_support.o
 .debug_abbrev  0x000007a6       0x14 obj_iotdk_10/gnu_arcem9d/arc/startup/arc_startup.o
 .debug_abbrev  0x000007ba      0x2b8 obj_iotdk_10/gnu_arcem9d/board/iotdk/drivers/ip/subsystem/gpio/dfss_gpio_obj.o
 .debug_abbrev  0x00000a72      0x23e obj_iotdk_10/gnu_arcem9d/device/ip/subsystem/gpio/ss_gpio.o
 .debug_abbrev  0x00000cb0      0x1fb obj_iotdk_10/gnu_arcem9d/board/iotdk/common/iotdk_init.o
 .debug_abbrev  0x00000eab      0x349 obj_iotdk_10/gnu_arcem9d/board/iotdk/common/iotdk_timer.o
 .debug_abbrev  0x000011f4      0x32e obj_iotdk_10/gnu_arcem9d/board/iotdk/drivers/mux/mux.o
 .debug_abbrev  0x00001522      0x2d8 obj_iotdk_10/gnu_arcem9d/board/iotdk/drivers/sysconf/sysconf.o
 .debug_abbrev  0x000017fa      0x37b obj_iotdk_10/gnu_arcem9d/middleware/common/console_io.o
 .debug_abbrev  0x00001b75      0x2f9 obj_iotdk_10/gnu_arcem9d/middleware/common/xprintf/xprintf.o
 .debug_abbrev  0x00001e6e      0x2de obj_iotdk_10/gnu_arcem9d/arc/arc_timer.o
 .debug_abbrev  0x0000214c      0x2d9 obj_iotdk_10/gnu_arcem9d/arc/arc_cache.o
 .debug_abbrev  0x00002425      0x43e obj_iotdk_10/gnu_arcem9d/arc/arc_exception.o
 .debug_abbrev  0x00002863       0x14 obj_iotdk_10/gnu_arcem9d/arc/arc_exc_asm.o
 .debug_abbrev  0x00002877      0x1cf obj_iotdk_10/gnu_arcem9d/library/clib/embarc_misc.o
 .debug_abbrev  0x00002a46      0x2f0 obj_iotdk_10/gnu_arcem9d/board/iotdk/drivers/ip/subsystem/uart/dfss_uart_obj.o
 .debug_abbrev  0x00002d36      0x2fa obj_iotdk_10/gnu_arcem9d/device/ip/subsystem/gpio/gpio.o
 .debug_abbrev  0x00003030      0x3cb obj_iotdk_10/gnu_arcem9d/device/ip/subsystem/uart/ss_uart.o
 .debug_abbrev  0x000033fb      0x36e obj_iotdk_10/gnu_arcem9d/device/ip/subsystem/uart/uart.o

.debug_loc      0x00000000     0x7474
 .debug_loc     0x00000000       0x8e obj_iotdk_10/gnu_arcem9d/application/./main.o
 .debug_loc     0x0000008e       0x40 obj_iotdk_10/gnu_arcem9d/board/board.o
 .debug_loc     0x000000ce       0xa3 obj_iotdk_10/gnu_arcem9d/arc/startup/arc_cxx_support.o
 .debug_loc     0x00000171      0xb3c obj_iotdk_10/gnu_arcem9d/board/iotdk/drivers/ip/subsystem/gpio/dfss_gpio_obj.o
 .debug_loc     0x00000cad      0x9e8 obj_iotdk_10/gnu_arcem9d/device/ip/subsystem/gpio/ss_gpio.o
 .debug_loc     0x00001695      0x14d obj_iotdk_10/gnu_arcem9d/board/iotdk/common/iotdk_timer.o
 .debug_loc     0x000017e2      0xa31 obj_iotdk_10/gnu_arcem9d/board/iotdk/drivers/mux/mux.o
 .debug_loc     0x00002213      0x306 obj_iotdk_10/gnu_arcem9d/board/iotdk/drivers/sysconf/sysconf.o
 .debug_loc     0x00002519       0xdf obj_iotdk_10/gnu_arcem9d/middleware/common/console_io.o
 .debug_loc     0x000025f8     0x1198 obj_iotdk_10/gnu_arcem9d/middleware/common/xprintf/xprintf.o
 .debug_loc     0x00003790      0x5b6 obj_iotdk_10/gnu_arcem9d/arc/arc_timer.o
 .debug_loc     0x00003d46      0x56a obj_iotdk_10/gnu_arcem9d/arc/arc_cache.o
 .debug_loc     0x000042b0      0xd7e obj_iotdk_10/gnu_arcem9d/arc/arc_exception.o
 .debug_loc     0x0000502e      0x81c obj_iotdk_10/gnu_arcem9d/board/iotdk/drivers/ip/subsystem/uart/dfss_uart_obj.o
 .debug_loc     0x0000584a      0x439 obj_iotdk_10/gnu_arcem9d/device/ip/subsystem/gpio/gpio.o
 .debug_loc     0x00005c83      0xfa7 obj_iotdk_10/gnu_arcem9d/device/ip/subsystem/uart/ss_uart.o
 .debug_loc     0x00006c2a      0x84a obj_iotdk_10/gnu_arcem9d/device/ip/subsystem/uart/uart.o

.debug_aranges  0x00000000      0x928
 .debug_aranges
                0x00000000       0x28 obj_iotdk_10/gnu_arcem9d/application/./main.o
 .debug_aranges
                0x00000028       0x20 obj_iotdk_10/gnu_arcem9d/board/board.o
 .debug_aranges
                0x00000048       0x40 obj_iotdk_10/gnu_arcem9d/arc/startup/arc_cxx_support.o
 .debug_aranges
                0x00000088       0x20 obj_iotdk_10/gnu_arcem9d/arc/startup/arc_startup.o
 .debug_aranges
                0x000000a8      0x178 obj_iotdk_10/gnu_arcem9d/board/iotdk/drivers/ip/subsystem/gpio/dfss_gpio_obj.o
 .debug_aranges
                0x00000220       0x48 obj_iotdk_10/gnu_arcem9d/device/ip/subsystem/gpio/ss_gpio.o
 .debug_aranges
                0x00000268       0x20 obj_iotdk_10/gnu_arcem9d/board/iotdk/common/iotdk_init.o
 .debug_aranges
                0x00000288       0x48 obj_iotdk_10/gnu_arcem9d/board/iotdk/common/iotdk_timer.o
 .debug_aranges
                0x000002d0       0x50 obj_iotdk_10/gnu_arcem9d/board/iotdk/drivers/mux/mux.o
 .debug_aranges
                0x00000320       0xe0 obj_iotdk_10/gnu_arcem9d/board/iotdk/drivers/sysconf/sysconf.o
 .debug_aranges
                0x00000400       0x40 obj_iotdk_10/gnu_arcem9d/middleware/common/console_io.o
 .debug_aranges
                0x00000440       0x78 obj_iotdk_10/gnu_arcem9d/middleware/common/xprintf/xprintf.o
 .debug_aranges
                0x000004b8       0x60 obj_iotdk_10/gnu_arcem9d/arc/arc_timer.o
 .debug_aranges
                0x00000518       0x78 obj_iotdk_10/gnu_arcem9d/arc/arc_cache.o
 .debug_aranges
                0x00000590       0xe0 obj_iotdk_10/gnu_arcem9d/arc/arc_exception.o
 .debug_aranges
                0x00000670       0x20 obj_iotdk_10/gnu_arcem9d/arc/arc_exc_asm.o
 .debug_aranges
                0x00000690       0x20 obj_iotdk_10/gnu_arcem9d/library/clib/embarc_misc.o
 .debug_aranges
                0x000006b0      0x128 obj_iotdk_10/gnu_arcem9d/board/iotdk/drivers/ip/subsystem/uart/dfss_uart_obj.o
 .debug_aranges
                0x000007d8       0x80 obj_iotdk_10/gnu_arcem9d/device/ip/subsystem/gpio/gpio.o
 .debug_aranges
                0x00000858       0x60 obj_iotdk_10/gnu_arcem9d/device/ip/subsystem/uart/ss_uart.o
 .debug_aranges
                0x000008b8       0x70 obj_iotdk_10/gnu_arcem9d/device/ip/subsystem/uart/uart.o

.debug_ranges   0x00000000      0xc70
 .debug_ranges  0x00000000       0x18 obj_iotdk_10/gnu_arcem9d/application/./main.o
 .debug_ranges  0x00000018       0x10 obj_iotdk_10/gnu_arcem9d/board/board.o
 .debug_ranges  0x00000028       0x30 obj_iotdk_10/gnu_arcem9d/arc/startup/arc_cxx_support.o
 .debug_ranges  0x00000058      0x270 obj_iotdk_10/gnu_arcem9d/board/iotdk/drivers/ip/subsystem/gpio/dfss_gpio_obj.o
 .debug_ranges  0x000002c8       0x38 obj_iotdk_10/gnu_arcem9d/device/ip/subsystem/gpio/ss_gpio.o
 .debug_ranges  0x00000300       0x10 obj_iotdk_10/gnu_arcem9d/board/iotdk/common/iotdk_init.o
 .debug_ranges  0x00000310       0x80 obj_iotdk_10/gnu_arcem9d/board/iotdk/common/iotdk_timer.o
 .debug_ranges  0x00000390       0xd0 obj_iotdk_10/gnu_arcem9d/board/iotdk/drivers/mux/mux.o
 .debug_ranges  0x00000460       0xe8 obj_iotdk_10/gnu_arcem9d/board/iotdk/drivers/sysconf/sysconf.o
 .debug_ranges  0x00000548       0x48 obj_iotdk_10/gnu_arcem9d/middleware/common/console_io.o
 .debug_ranges  0x00000590       0x98 obj_iotdk_10/gnu_arcem9d/middleware/common/xprintf/xprintf.o
 .debug_ranges  0x00000628       0x68 obj_iotdk_10/gnu_arcem9d/arc/arc_timer.o
 .debug_ranges  0x00000690       0x80 obj_iotdk_10/gnu_arcem9d/arc/arc_cache.o
 .debug_ranges  0x00000710      0x238 obj_iotdk_10/gnu_arcem9d/arc/arc_exception.o
 .debug_ranges  0x00000948       0x10 obj_iotdk_10/gnu_arcem9d/library/clib/embarc_misc.o
 .debug_ranges  0x00000958      0x198 obj_iotdk_10/gnu_arcem9d/board/iotdk/drivers/ip/subsystem/uart/dfss_uart_obj.o
 .debug_ranges  0x00000af0       0x70 obj_iotdk_10/gnu_arcem9d/device/ip/subsystem/gpio/gpio.o
 .debug_ranges  0x00000b60       0xb0 obj_iotdk_10/gnu_arcem9d/device/ip/subsystem/uart/ss_uart.o
 .debug_ranges  0x00000c10       0x60 obj_iotdk_10/gnu_arcem9d/device/ip/subsystem/uart/uart.o

.debug_line     0x00000000     0x693c
 .debug_line    0x00000000      0x2f7 obj_iotdk_10/gnu_arcem9d/application/./main.o
 .debug_line    0x000002f7      0x2ad obj_iotdk_10/gnu_arcem9d/board/board.o
 .debug_line    0x000005a4      0x13f obj_iotdk_10/gnu_arcem9d/arc/startup/arc_cxx_support.o
 .debug_line    0x000006e3       0xc3 obj_iotdk_10/gnu_arcem9d/arc/startup/arc_startup.o
 .debug_line    0x000007a6      0x903 obj_iotdk_10/gnu_arcem9d/board/iotdk/drivers/ip/subsystem/gpio/dfss_gpio_obj.o
 .debug_line    0x000010a9      0x4cf obj_iotdk_10/gnu_arcem9d/device/ip/subsystem/gpio/ss_gpio.o
 .debug_line    0x00001578      0x1c8 obj_iotdk_10/gnu_arcem9d/board/iotdk/common/iotdk_init.o
 .debug_line    0x00001740      0x374 obj_iotdk_10/gnu_arcem9d/board/iotdk/common/iotdk_timer.o
 .debug_line    0x00001ab4      0x5a8 obj_iotdk_10/gnu_arcem9d/board/iotdk/drivers/mux/mux.o
 .debug_line    0x0000205c      0x7c1 obj_iotdk_10/gnu_arcem9d/board/iotdk/drivers/sysconf/sysconf.o
 .debug_line    0x0000281d      0x33d obj_iotdk_10/gnu_arcem9d/middleware/common/console_io.o
 .debug_line    0x00002b5a      0x9e2 obj_iotdk_10/gnu_arcem9d/middleware/common/xprintf/xprintf.o
 .debug_line    0x0000353c      0x44c obj_iotdk_10/gnu_arcem9d/arc/arc_timer.o
 .debug_line    0x00003988      0x7ab obj_iotdk_10/gnu_arcem9d/arc/arc_cache.o
 .debug_line    0x00004133      0x9fb obj_iotdk_10/gnu_arcem9d/arc/arc_exception.o
 .debug_line    0x00004b2e       0xa5 obj_iotdk_10/gnu_arcem9d/arc/arc_exc_asm.o
 .debug_line    0x00004bd3      0x162 obj_iotdk_10/gnu_arcem9d/library/clib/embarc_misc.o
 .debug_line    0x00004d35      0x6a7 obj_iotdk_10/gnu_arcem9d/board/iotdk/drivers/ip/subsystem/uart/dfss_uart_obj.o
 .debug_line    0x000053dc      0x40c obj_iotdk_10/gnu_arcem9d/device/ip/subsystem/gpio/gpio.o
 .debug_line    0x000057e8      0x836 obj_iotdk_10/gnu_arcem9d/device/ip/subsystem/uart/ss_uart.o
 .debug_line    0x0000601e      0x91e obj_iotdk_10/gnu_arcem9d/device/ip/subsystem/uart/uart.o

.debug_str      0x00000000     0x2928
 .debug_str     0x00000000      0xa18 obj_iotdk_10/gnu_arcem9d/application/./main.o
                                0xb1c (size before relaxing)
 .debug_str     0x00000a18       0xa4 obj_iotdk_10/gnu_arcem9d/board/board.o
                                0xa74 (size before relaxing)
 .debug_str     0x00000abc      0x12a obj_iotdk_10/gnu_arcem9d/arc/startup/arc_cxx_support.o
                                0x250 (size before relaxing)
 .debug_str     0x00000be6       0x1d obj_iotdk_10/gnu_arcem9d/arc/startup/arc_startup.o
                                 0x5f (size before relaxing)
 .debug_str     0x00000c03      0x5d1 obj_iotdk_10/gnu_arcem9d/board/iotdk/drivers/ip/subsystem/gpio/dfss_gpio_obj.o
                                0x8df (size before relaxing)
 .debug_str     0x000011d4       0xc5 obj_iotdk_10/gnu_arcem9d/device/ip/subsystem/gpio/ss_gpio.o
                                0x49f (size before relaxing)
 .debug_str     0x00001299      0x142 obj_iotdk_10/gnu_arcem9d/board/iotdk/common/iotdk_init.o
                                0x70c (size before relaxing)
 .debug_str     0x000013db       0xfd obj_iotdk_10/gnu_arcem9d/board/iotdk/common/iotdk_timer.o
                                0x720 (size before relaxing)
 .debug_str     0x000014d8      0x280 obj_iotdk_10/gnu_arcem9d/board/iotdk/drivers/mux/mux.o
                                0x92d (size before relaxing)
 .debug_str     0x00001758      0x1f0 obj_iotdk_10/gnu_arcem9d/board/iotdk/drivers/sysconf/sysconf.o
                                0x599 (size before relaxing)
 .debug_str     0x00001948      0x147 obj_iotdk_10/gnu_arcem9d/middleware/common/console_io.o
                                0xbb0 (size before relaxing)
 .debug_str     0x00001a8f       0x9f obj_iotdk_10/gnu_arcem9d/middleware/common/xprintf/xprintf.o
                                0x234 (size before relaxing)
 .debug_str     0x00001b2e       0x96 obj_iotdk_10/gnu_arcem9d/arc/arc_timer.o
                                0x32e (size before relaxing)
 .debug_str     0x00001bc4      0x1f9 obj_iotdk_10/gnu_arcem9d/arc/arc_cache.o
                                0x466 (size before relaxing)
 .debug_str     0x00001dbd      0x34e obj_iotdk_10/gnu_arcem9d/arc/arc_exception.o
                                0x6a5 (size before relaxing)
 .debug_str     0x0000210b        0xe obj_iotdk_10/gnu_arcem9d/arc/arc_exc_asm.o
                                 0x5f (size before relaxing)
 .debug_str     0x00002119       0x1f obj_iotdk_10/gnu_arcem9d/library/clib/embarc_misc.o
                                0x627 (size before relaxing)
 .debug_str     0x00002138      0x3dc obj_iotdk_10/gnu_arcem9d/board/iotdk/drivers/ip/subsystem/uart/dfss_uart_obj.o
                                0x868 (size before relaxing)
 .debug_str     0x00002514       0xfc obj_iotdk_10/gnu_arcem9d/device/ip/subsystem/gpio/gpio.o
                                0x77d (size before relaxing)
 .debug_str     0x00002610      0x102 obj_iotdk_10/gnu_arcem9d/device/ip/subsystem/uart/ss_uart.o
                                0x653 (size before relaxing)
 .debug_str     0x00002712      0x216 obj_iotdk_10/gnu_arcem9d/device/ip/subsystem/uart/uart.o
                                0x8c0 (size before relaxing)

.comment        0x00000000       0x42
 .comment       0x00000000       0x42 obj_iotdk_10/gnu_arcem9d/application/./main.o
                                 0x43 (size before relaxing)
 .comment       0x00000042       0x43 obj_iotdk_10/gnu_arcem9d/board/board.o
 .comment       0x00000042       0x43 obj_iotdk_10/gnu_arcem9d/arc/startup/arc_cxx_support.o
 .comment       0x00000042       0x43 obj_iotdk_10/gnu_arcem9d/board/iotdk/drivers/ip/subsystem/gpio/dfss_gpio_obj.o
 .comment       0x00000042       0x43 obj_iotdk_10/gnu_arcem9d/device/ip/subsystem/gpio/ss_gpio.o
 .comment       0x00000042       0x43 obj_iotdk_10/gnu_arcem9d/board/iotdk/common/iotdk_init.o
 .comment       0x00000042       0x43 obj_iotdk_10/gnu_arcem9d/board/iotdk/common/iotdk_timer.o
 .comment       0x00000042       0x43 obj_iotdk_10/gnu_arcem9d/board/iotdk/drivers/mux/mux.o
 .comment       0x00000042       0x43 obj_iotdk_10/gnu_arcem9d/board/iotdk/drivers/sysconf/sysconf.o
 .comment       0x00000042       0x43 obj_iotdk_10/gnu_arcem9d/middleware/common/console_io.o
 .comment       0x00000042       0x43 obj_iotdk_10/gnu_arcem9d/middleware/common/xprintf/xprintf.o
 .comment       0x00000042       0x43 obj_iotdk_10/gnu_arcem9d/arc/arc_timer.o
 .comment       0x00000042       0x43 obj_iotdk_10/gnu_arcem9d/arc/arc_cache.o
 .comment       0x00000042       0x43 obj_iotdk_10/gnu_arcem9d/arc/arc_exception.o
 .comment       0x00000042       0x43 obj_iotdk_10/gnu_arcem9d/library/clib/embarc_misc.o
 .comment       0x00000042       0x43 obj_iotdk_10/gnu_arcem9d/board/iotdk/drivers/ip/subsystem/uart/dfss_uart_obj.o
 .comment       0x00000042       0x43 obj_iotdk_10/gnu_arcem9d/device/ip/subsystem/gpio/gpio.o
 .comment       0x00000042       0x43 obj_iotdk_10/gnu_arcem9d/device/ip/subsystem/uart/ss_uart.o
 .comment       0x00000042       0x43 obj_iotdk_10/gnu_arcem9d/device/ip/subsystem/uart/uart.o

.note.GNU-stack
                0x00000000        0x0
 .note.GNU-stack
                0x00000000        0x0 obj_iotdk_10/gnu_arcem9d/application/./main.o
 .note.GNU-stack
                0x00000000        0x0 obj_iotdk_10/gnu_arcem9d/board/board.o
 .note.GNU-stack
                0x00000000        0x0 obj_iotdk_10/gnu_arcem9d/arc/startup/arc_cxx_support.o
 .note.GNU-stack
                0x00000000        0x0 obj_iotdk_10/gnu_arcem9d/board/iotdk/drivers/ip/subsystem/gpio/dfss_gpio_obj.o
 .note.GNU-stack
                0x00000000        0x0 obj_iotdk_10/gnu_arcem9d/device/ip/subsystem/gpio/ss_gpio.o
 .note.GNU-stack
                0x00000000        0x0 obj_iotdk_10/gnu_arcem9d/board/iotdk/common/iotdk_init.o
 .note.GNU-stack
                0x00000000        0x0 obj_iotdk_10/gnu_arcem9d/board/iotdk/common/iotdk_timer.o
 .note.GNU-stack
                0x00000000        0x0 obj_iotdk_10/gnu_arcem9d/board/iotdk/drivers/mux/mux.o
 .note.GNU-stack
                0x00000000        0x0 obj_iotdk_10/gnu_arcem9d/board/iotdk/drivers/sysconf/sysconf.o
 .note.GNU-stack
                0x00000000        0x0 obj_iotdk_10/gnu_arcem9d/middleware/common/console_io.o
 .note.GNU-stack
                0x00000000        0x0 obj_iotdk_10/gnu_arcem9d/middleware/common/xprintf/xprintf.o
 .note.GNU-stack
                0x00000000        0x0 obj_iotdk_10/gnu_arcem9d/arc/arc_timer.o
 .note.GNU-stack
                0x00000000        0x0 obj_iotdk_10/gnu_arcem9d/arc/arc_cache.o
 .note.GNU-stack
                0x00000000        0x0 obj_iotdk_10/gnu_arcem9d/arc/arc_exception.o
 .note.GNU-stack
                0x00000000        0x0 obj_iotdk_10/gnu_arcem9d/library/clib/embarc_misc.o
 .note.GNU-stack
                0x00000000        0x0 obj_iotdk_10/gnu_arcem9d/board/iotdk/drivers/ip/subsystem/uart/dfss_uart_obj.o
 .note.GNU-stack
                0x00000000        0x0 obj_iotdk_10/gnu_arcem9d/device/ip/subsystem/gpio/gpio.o
 .note.GNU-stack
                0x00000000        0x0 obj_iotdk_10/gnu_arcem9d/device/ip/subsystem/uart/ss_uart.o
 .note.GNU-stack
                0x00000000        0x0 obj_iotdk_10/gnu_arcem9d/device/ip/subsystem/uart/uart.o
 .note.GNU-stack
                0x00000000        0x0 c:/arc_gnu/bin/../lib/gcc/arc-elf32/9.3.1/em4_fpuda\libgcc.a(_udivdi3.o)

.ARC.attributes
                0x00000000       0x45
 .ARC.attributes
                0x00000000       0x36 obj_iotdk_10/gnu_arcem9d/application/./main.o
 .ARC.attributes
                0x00000036       0x29 obj_iotdk_10/gnu_arcem9d/board/board.o
 .ARC.attributes
                0x0000005f       0x2c obj_iotdk_10/gnu_arcem9d/arc/startup/arc_cxx_support.o
 .ARC.attributes
                0x0000008b       0x25 obj_iotdk_10/gnu_arcem9d/arc/startup/arc_startup.o
 .ARC.attributes
                0x000000b0       0x29 obj_iotdk_10/gnu_arcem9d/board/iotdk/drivers/ip/subsystem/gpio/dfss_gpio_obj.o
 .ARC.attributes
                0x000000d9       0x29 obj_iotdk_10/gnu_arcem9d/device/ip/subsystem/gpio/ss_gpio.o
 .ARC.attributes
                0x00000102       0x29 obj_iotdk_10/gnu_arcem9d/board/iotdk/common/iotdk_init.o
 .ARC.attributes
                0x0000012b       0x33 obj_iotdk_10/gnu_arcem9d/board/iotdk/common/iotdk_timer.o
 .ARC.attributes
                0x0000015e       0x29 obj_iotdk_10/gnu_arcem9d/board/iotdk/drivers/mux/mux.o
 .ARC.attributes
                0x00000187       0x2c obj_iotdk_10/gnu_arcem9d/board/iotdk/drivers/sysconf/sysconf.o
 .ARC.attributes
                0x000001b3       0x29 obj_iotdk_10/gnu_arcem9d/middleware/common/console_io.o
 .ARC.attributes
                0x000001dc       0x33 obj_iotdk_10/gnu_arcem9d/middleware/common/xprintf/xprintf.o
 .ARC.attributes
                0x0000020f       0x36 obj_iotdk_10/gnu_arcem9d/arc/arc_timer.o
 .ARC.attributes
                0x00000245       0x2c obj_iotdk_10/gnu_arcem9d/arc/arc_cache.o
 .ARC.attributes
                0x00000271       0x2c obj_iotdk_10/gnu_arcem9d/arc/arc_exception.o
 .ARC.attributes
                0x0000029d       0x28 obj_iotdk_10/gnu_arcem9d/arc/arc_exc_asm.o
 .ARC.attributes
                0x000002c5       0x29 obj_iotdk_10/gnu_arcem9d/library/clib/embarc_misc.o
 .ARC.attributes
                0x000002ee       0x29 obj_iotdk_10/gnu_arcem9d/board/iotdk/drivers/ip/subsystem/uart/dfss_uart_obj.o
 .ARC.attributes
                0x00000317       0x2b obj_iotdk_10/gnu_arcem9d/device/ip/subsystem/gpio/gpio.o
 .ARC.attributes
                0x00000342       0x34 obj_iotdk_10/gnu_arcem9d/device/ip/subsystem/uart/ss_uart.o
 .ARC.attributes
                0x00000376       0x2e obj_iotdk_10/gnu_arcem9d/device/ip/subsystem/uart/uart.o
 .ARC.attributes
                0x000003a4       0x40 c:/arc_gnu/bin/../lib/gcc/arc-elf32/9.3.1/em4_fpuda\libgcc.a(_udivdi3.o)

.debug_frame    0x00000000     0x19dc
 .debug_frame   0x00000000       0x6c obj_iotdk_10/gnu_arcem9d/application/./main.o
 .debug_frame   0x0000006c       0x28 obj_iotdk_10/gnu_arcem9d/board/board.o
 .debug_frame   0x00000094       0xbc obj_iotdk_10/gnu_arcem9d/arc/startup/arc_cxx_support.o
 .debug_frame   0x00000150      0x304 obj_iotdk_10/gnu_arcem9d/board/iotdk/drivers/ip/subsystem/gpio/dfss_gpio_obj.o
 .debug_frame   0x00000454      0x1f4 obj_iotdk_10/gnu_arcem9d/device/ip/subsystem/gpio/ss_gpio.o
 .debug_frame   0x00000648       0x2c obj_iotdk_10/gnu_arcem9d/board/iotdk/common/iotdk_init.o
 .debug_frame   0x00000674      0x11c obj_iotdk_10/gnu_arcem9d/board/iotdk/common/iotdk_timer.o
 .debug_frame   0x00000790       0x9c obj_iotdk_10/gnu_arcem9d/board/iotdk/drivers/mux/mux.o
 .debug_frame   0x0000082c      0x1bc obj_iotdk_10/gnu_arcem9d/board/iotdk/drivers/sysconf/sysconf.o
 .debug_frame   0x000009e8       0x98 obj_iotdk_10/gnu_arcem9d/middleware/common/console_io.o
 .debug_frame   0x00000a80      0x270 obj_iotdk_10/gnu_arcem9d/middleware/common/xprintf/xprintf.o
 .debug_frame   0x00000cf0      0x130 obj_iotdk_10/gnu_arcem9d/arc/arc_timer.o
 .debug_frame   0x00000e20      0x1bc obj_iotdk_10/gnu_arcem9d/arc/arc_cache.o
 .debug_frame   0x00000fdc      0x220 obj_iotdk_10/gnu_arcem9d/arc/arc_exception.o
 .debug_frame   0x000011fc       0x20 obj_iotdk_10/gnu_arcem9d/library/clib/embarc_misc.o
 .debug_frame   0x0000121c      0x264 obj_iotdk_10/gnu_arcem9d/board/iotdk/drivers/ip/subsystem/uart/dfss_uart_obj.o
 .debug_frame   0x00001480      0x130 obj_iotdk_10/gnu_arcem9d/device/ip/subsystem/gpio/gpio.o
 .debug_frame   0x000015b0      0x1b4 obj_iotdk_10/gnu_arcem9d/device/ip/subsystem/uart/ss_uart.o
 .debug_frame   0x00001764      0x21c obj_iotdk_10/gnu_arcem9d/device/ip/subsystem/uart/uart.o
 .debug_frame   0x00001980       0x5c c:/arc_gnu/bin/../lib/gcc/arc-elf32/9.3.1/em4_fpuda\libgcc.a(_udivdi3.o)
